Component: ARM Compiler 5.06 update 6 (build 750) Tool: armlink [4d35ed]

==============================================================================

Section Cross References

    main.o(i.ADC_Configuration) refers to stm32f10x_adc.o(i.ADC_Init) for ADC_Init
    main.o(i.ADC_Configuration) refers to stm32f10x_adc.o(i.ADC_RegularChannelConfig) for ADC_RegularChannelConfig
    main.o(i.ADC_Configuration) refers to stm32f10x_adc.o(i.ADC_DMACmd) for ADC_DMACmd
    main.o(i.ADC_Configuration) refers to stm32f10x_adc.o(i.ADC_Cmd) for ADC_Cmd
    main.o(i.ADC_Configuration) refers to stm32f10x_adc.o(i.ADC_ResetCalibration) for ADC_ResetCalibration
    main.o(i.ADC_Configuration) refers to stm32f10x_adc.o(i.ADC_GetResetCalibrationStatus) for ADC_GetResetCalibrationStatus
    main.o(i.ADC_Configuration) refers to stm32f10x_adc.o(i.ADC_StartCalibration) for ADC_StartCalibration
    main.o(i.ADC_Configuration) refers to stm32f10x_adc.o(i.ADC_GetCalibrationStatus) for ADC_GetCalibrationStatus
    main.o(i.ADC_Configuration) refers to stm32f10x_adc.o(i.ADC_SoftwareStartConvCmd) for ADC_SoftwareStartConvCmd
    main.o(i.AI_Task) refers to stm32f10x_gpio.o(i.GPIO_ReadInputData) for GPIO_ReadInputData
    main.o(i.AI_Task) refers to main.o(i.limit) for limit
    main.o(i.AI_Task) refers to tasks.o(i.vTaskDelay) for vTaskDelay
    main.o(i.AI_Task) refers to main.o(.data) for count_namo
    main.o(i.DMA_Configuration) refers to stm32f10x_dma.o(i.DMA_DeInit) for DMA_DeInit
    main.o(i.DMA_Configuration) refers to stm32f10x_dma.o(i.DMA_Init) for DMA_Init
    main.o(i.DMA_Configuration) refers to stm32f10x_dma.o(i.DMA_Cmd) for DMA_Cmd
    main.o(i.DMA_Configuration) refers to main.o(.data) for ADCConvertedValue
    main.o(i.Display_Task) refers to display.o(i.InitDisplay) for InitDisplay
    main.o(i.Display_Task) refers to display.o(i.WriteDisplayNoClear) for WriteDisplayNoClear
    main.o(i.Display_Task) refers to main.o(i.inc_range) for inc_range
    main.o(i.Display_Task) refers to main.o(i.limit) for limit
    main.o(i.Display_Task) refers to main.o(i.convert_int_2_str) for convert_int_2_str
    main.o(i.Display_Task) refers to ffixu.o(x$fpl$ffixu) for __aeabi_f2uiz
    main.o(i.Display_Task) refers to tasks.o(i.vTaskDelay) for vTaskDelay
    main.o(i.Display_Task) refers to fonts.o(.data) for Font_16x26
    main.o(i.Display_Task) refers to main.o(.data) for count_enc
    main.o(i.Encoder_Task) refers to stm32f10x_gpio.o(i.GPIO_ReadInputData) for GPIO_ReadInputData
    main.o(i.Encoder_Task) refers to main.o(i.limit) for limit
    main.o(i.Encoder_Task) refers to stm32f10x_gpio.o(i.GPIO_SetBits) for GPIO_SetBits
    main.o(i.Encoder_Task) refers to stm32f10x_gpio.o(i.GPIO_ResetBits) for GPIO_ResetBits
    main.o(i.Encoder_Task) refers to tasks.o(i.vTaskDelay) for vTaskDelay
    main.o(i.Encoder_Task) refers to main.o(.data) for count_enc
    main.o(i.GPIO_Configuration) refers to stm32f10x_gpio.o(i.GPIO_Init) for GPIO_Init
    main.o(i.RCC_Configuration) refers to stm32f10x_rcc.o(i.RCC_ADCCLKConfig) for RCC_ADCCLKConfig
    main.o(i.RCC_Configuration) refers to stm32f10x_rcc.o(i.RCC_AHBPeriphClockCmd) for RCC_AHBPeriphClockCmd
    main.o(i.RCC_Configuration) refers to stm32f10x_rcc.o(i.RCC_APB2PeriphClockCmd) for RCC_APB2PeriphClockCmd
    main.o(i.ReadADC_Task) refers to fflt_clz.o(x$fpl$ffltu) for __aeabi_ui2f
    main.o(i.ReadADC_Task) refers to faddsub_clz.o(x$fpl$fsub) for __aeabi_fsub
    main.o(i.ReadADC_Task) refers to fmul.o(x$fpl$fmul) for __aeabi_fmul
    main.o(i.ReadADC_Task) refers to fdiv.o(x$fpl$fdiv) for __aeabi_fdiv
    main.o(i.ReadADC_Task) refers to frleqf.o(x$fpl$frleqf) for __aeabi_cfrcmple
    main.o(i.ReadADC_Task) refers to fleqf.o(x$fpl$fleqf) for __aeabi_cfcmple
    main.o(i.ReadADC_Task) refers to tasks.o(i.vTaskDelay) for vTaskDelay
    main.o(i.ReadADC_Task) refers to main.o(.data) for ADCConvertedValue
    main.o(i.main) refers to main.o(i.RCC_Configuration) for RCC_Configuration
    main.o(i.main) refers to main.o(i.GPIO_Configuration) for GPIO_Configuration
    main.o(i.main) refers to main.o(i.DMA_Configuration) for DMA_Configuration
    main.o(i.main) refers to main.o(i.ADC_Configuration) for ADC_Configuration
    main.o(i.main) refers to tasks.o(i.xTaskGenericCreate) for xTaskGenericCreate
    main.o(i.main) refers to tasks.o(i.vTaskStartScheduler) for vTaskStartScheduler
    main.o(i.main) refers to main.o(.data) for count_enc
    main.o(i.main) refers to main.o(i.Display_Task) for Display_Task
    main.o(i.main) refers to main.o(i.Encoder_Task) for Encoder_Task
    main.o(i.main) refers to main.o(i.AI_Task) for AI_Task
    main.o(i.main) refers to main.o(i.ReadADC_Task) for ReadADC_Task
    startup_stm32f10x_md.o(STACK) refers (Special) to heapauxi.o(.text) for __use_two_region_memory
    startup_stm32f10x_md.o(HEAP) refers (Special) to heapauxi.o(.text) for __use_two_region_memory
[...]
    Removing system_stm32f10x.o(.data), (20 bytes).
    Removing fonts.o(i.FONTS_GetStringSize), (28 bytes).
    Removing ssd1306.o(i.SSD1306_DrawCircle), (260 bytes).
    Removing ssd1306.o(i.SSD1306_DrawFilledCircle), (334 bytes).
    Removing ssd1306.o(i.SSD1306_DrawFilledRectangle), (94 bytes).
    Removing ssd1306.o(i.SSD1306_DrawFilledTriangle), (298 bytes).
    Removing ssd1306.o(i.SSD1306_DrawLine), (330 bytes).
    Removing ssd1306.o(i.SSD1306_DrawRectangle), (136 bytes).
    Removing ssd1306.o(i.SSD1306_DrawTriangle), (64 bytes).
    Removing ssd1306.o(i.SSD1306_OFF), (34 bytes).
    Removing ssd1306.o(i.SSD1306_ON), (34 bytes).
    Removing ssd1306.o(i.SSD1306_ToggleInvert), (52 bytes).
    Removing iic.o(i.i2cm_ReadBuffAndStop), (98 bytes).
    Removing display.o(i.ClearDisplay), (10 bytes).
    Removing display.o(i.DisplayFourLinePage), (36 bytes).
    Removing display.o(i.DisplayThreeLinePage), (48 bytes).
    Removing display.o(i.DrawPage), (148 bytes).
    Removing display.o(i.WriteDisplayString), (56 bytes).
    Removing heap_1.o(i.vPortInitialiseBlocks), (12 bytes).
    Removing heap_1.o(i.xPortGetFreeHeapSize), (16 bytes).
    Removing port.o(i.vPortEndScheduler), (2 bytes).
    Removing event_groups.o(i.prvTestWaitCondition), (30 bytes).
    Removing event_groups.o(i.vEventGroupClearBitsCallback), (16 bytes).
    Removing event_groups.o(i.vEventGroupDelete), (42 bytes).
    Removing event_groups.o(i.vEventGroupSetBitsCallback), (16 bytes).
    Removing event_groups.o(i.xEventGroupClearBits), (32 bytes).
    Removing event_groups.o(i.xEventGroupCreate), (26 bytes).
    Removing event_groups.o(i.xEventGroupGetBitsFromISR), (28 bytes).
    Removing event_groups.o(i.xEventGroupSetBits), (146 bytes).
    Removing event_groups.o(i.xEventGroupSync), (146 bytes).
    Removing event_groups.o(i.xEventGroupWaitBits), (182 bytes).
    Removing queue.o(i.prvCopyDataFromQueue), (42 bytes).
    Removing queue.o(i.prvCopyDataToQueue), (110 bytes).
    Removing queue.o(i.prvIsQueueEmpty), (26 bytes).
    Removing queue.o(i.prvIsQueueFull), (30 bytes).
    Removing queue.o(i.prvUnlockQueue), (126 bytes).
    Removing queue.o(i.uxQueueMessagesWaiting), (18 bytes).
    Removing queue.o(i.uxQueueMessagesWaitingFromISR), (6 bytes).
    Removing queue.o(i.uxQueueSpacesAvailable), (24 bytes).
    Removing queue.o(i.vQueueDelete), (14 bytes).
    Removing queue.o(i.xQueueGenericCreate), (70 bytes).
    Removing queue.o(i.xQueueGenericReceive), (254 bytes).
    Removing queue.o(i.xQueueGenericReset), (110 bytes).
    Removing queue.o(i.xQueueGenericSend), (234 bytes).
    Removing queue.o(i.xQueueGenericSendFromISR), (106 bytes).
    Removing queue.o(i.xQueueGiveFromISR), (90 bytes).
    Removing queue.o(i.xQueueIsQueueEmptyFromISR), (14 bytes).
    Removing queue.o(i.xQueueIsQueueFullFromISR), (18 bytes).
    Removing queue.o(i.xQueuePeekFromISR), (50 bytes).
    Removing queue.o(i.xQueueReceiveFromISR), (96 bytes).
    Removing tasks.o(i.prvTaskIsTaskSuspended), (64 bytes).
    Removing tasks.o(i.ulTaskNotifyTake), (180 bytes).
    Removing tasks.o(i.uxTaskGetNumberOfTasks), (12 bytes).
    Removing tasks.o(i.uxTaskPriorityGet), (36 bytes).
    Removing tasks.o(i.uxTaskPriorityGetFromISR), (44 bytes).
    Removing tasks.o(i.uxTaskResetEventItemValue), (28 bytes).
    Removing tasks.o(i.vTaskDelayUntil), (140 bytes).
    Removing tasks.o(i.vTaskDelete), (168 bytes).
    Removing tasks.o(i.vTaskEndScheduler), (24 bytes).
    Removing tasks.o(i.vTaskMissedYield), (12 bytes).
    Removing tasks.o(i.vTaskNotifyGiveFromISR), (144 bytes).
    Removing tasks.o(i.vTaskPlaceOnEventList), (100 bytes).
    Removing tasks.o(i.vTaskPlaceOnUnorderedEventList), (116 bytes).
    Removing tasks.o(i.vTaskPrioritySet), (216 bytes).
    Removing tasks.o(i.vTaskResume), (108 bytes).
    Removing tasks.o(i.vTaskSetTimeOutState), (24 bytes).
    Removing tasks.o(i.vTaskSuspend), (176 bytes).
    Removing tasks.o(i.xTaskCheckForTimeOut), (92 bytes).
    Removing tasks.o(i.xTaskGenericNotify), (180 bytes).
    Removing tasks.o(i.xTaskGenericNotifyFromISR), (220 bytes).
    Removing tasks.o(i.xTaskGetTickCount), (12 bytes).
    Removing tasks.o(i.xTaskGetTickCountFromISR), (12 bytes).
    Removing tasks.o(i.xTaskNotifyStateClear), (56 bytes).
    Removing tasks.o(i.xTaskNotifyWait), (212 bytes).
    Removing tasks.o(i.xTaskRemoveFromEventList), (128 bytes).
    Removing tasks.o(i.xTaskRemoveFromUnorderedEventList), (112 bytes).
    Removing tasks.o(i.xTaskResumeFromISR), (132 bytes).

522 unused section(s) (total 24476 bytes) removed from the image.

==============================================================================

Image Symbol Table

    Local Symbols

    Symbol Name                              Value     Ov Type        Size  Object(Section)

    ../clib/angel/boardlib.s                 0x00000000   Number         0  boardshut.o ABSOLUTE
    ../clib/angel/boardlib.s                 0x00000000   Number         0  boardinit3.o ABSOLUTE
    ../clib/angel/boardlib.s                 0x00000000   Number         0  boardinit1.o ABSOLUTE
    ../clib/angel/boardlib.s                 0x00000000   Number         0  boardinit2.o ABSOLUTE
    ../clib/angel/handlers.s                 0x00000000   Number         0  __scatter_zi.o ABSOLUTE
    ../clib/angel/handlers.s                 0x00000000   Number         0  __scatter_copy.o ABSOLUTE
    ../clib/angel/kernel.s                   0x00000000   Number         0  __rtentry2.o ABSOLUTE
    ../clib/angel/kernel.s                   0x00000000   Number         0  __rtentry4.o ABSOLUTE
    ../clib/angel/kernel.s                   0x00000000   Number         0  rtexit.o ABSOLUTE
    ../clib/angel/kernel.s                   0x00000000   Number         0  rtexit2.o ABSOLUTE
    ../clib/angel/kernel.s                   0x00000000   Number         0  __rtentry.o ABSOLUTE
    ../clib/angel/rt.s                       0x00000000   Number         0  rt_raise.o ABSOLUTE
    ../clib/angel/scatter.s                  0x00000000   Number         0  __scatter.o ABSOLUTE
    ../clib/angel/startup.s                  0x00000000   Number         0  __main.o ABSOLUTE
    ../clib/angel/sys.s                      0x00000000   Number         0  indicate_semi.o ABSOLUTE
    ../clib/angel/sys.s                      0x00000000   Number         0  use_no_semi.o ABSOLUTE
    ../clib/angel/sys.s                      0x00000000   Number         0  sys_stackheap_outer.o ABSOLUTE
    ../clib/angel/sys.s                      0x00000000   Number         0  libspace.o ABSOLUTE
    ../clib/angel/sysapp.c                   0x00000000   Number         0  sys_command.o ABSOLUTE
    ../clib/angel/sysapp.c                   0x00000000   Number         0  sys_wrch.o ABSOLUTE
    ../clib/angel/sysapp.c                   0x00000000   Number         0  sys_exit.o ABSOLUTE
    ../clib/armsys.c                         0x00000000   Number         0  _get_argv_nomalloc.o ABSOLUTE
    ../clib/armsys.c                         0x00000000   Number         0  argv_veneer.o ABSOLUTE
    ../clib/armsys.c                         0x00000000   Number         0  argv_veneer.o ABSOLUTE
    ../clib/armsys.c                         0x00000000   Number         0  no_argv.o ABSOLUTE
    ../clib/heapalloc.c                      0x00000000   Number         0  hrguard.o ABSOLUTE
    ../clib/heapaux.c                        0x00000000   Number         0  heapauxi.o ABSOLUTE
    ../clib/libinit.s                        0x00000000   Number         0  libinit2.o ABSOLUTE
    ../clib/libinit.s                        0x00000000   Number         0  libinit.o ABSOLUTE
    ../clib/libinit.s                        0x00000000   Number         0  libshutdown.o ABSOLUTE
    ../clib/libinit.s                        0x00000000   Number         0  libshutdown2.o ABSOLUTE
    ../clib/memcpset.s                       0x00000000   Number         0  rt_memclr_w.o ABSOLUTE
    ../clib/memcpset.s                       0x00000000   Number         0  rt_memcpy_w.o ABSOLUTE
    ../clib/memcpset.s                       0x00000000   Number         0  rt_memclr.o ABSOLUTE
    ../clib/memcpset.s                       0x00000000   Number         0  aeabi_memset.o ABSOLUTE
    ../clib/memcpset.s                       0x00000000   Number         0  rt_memcpy_v6.o ABSOLUTE
    ../clib/signal.c                         0x00000000   Number         0  defsig_fpe_inner.o ABSOLUTE
    ../clib/signal.c                         0x00000000   Number         0  defsig_abrt_inner.o ABSOLUTE
    ../clib/signal.c                         0x00000000   Number         0  defsig_general.o ABSOLUTE
    ../clib/signal.c                         0x00000000   Number         0  __raise.o ABSOLUTE
    ../clib/signal.c                         0x00000000   Number         0  defsig_rtmem_inner.o ABSOLUTE
    ../clib/signal.c                         0x00000000   Number         0  defsig_rtmem_formal.o ABSOLUTE
    ../clib/signal.c                         0x00000000   Number         0  defsig_rtmem_outer.o ABSOLUTE
    ../clib/signal.c                         0x00000000   Number         0  defsig_exit.o ABSOLUTE
    ../clib/signal.c                         0x00000000   Number         0  defsig_pvfn_inner.o ABSOLUTE
    ../clib/signal.c                         0x00000000   Number         0  defsig_other.o ABSOLUTE
    ../clib/signal.c                         0x00000000   Number         0  defsig_segv_inner.o ABSOLUTE
    ../clib/signal.c                         0x00000000   Number         0  defsig_cppl_inner.o ABSOLUTE
    ../clib/signal.c                         0x00000000   Number         0  defsig_stak_inner.o ABSOLUTE
    ../clib/signal.c                         0x00000000   Number         0  defsig_rtred_inner.o ABSOLUTE
    ../clib/signal.s                         0x00000000   Number         0  defsig.o ABSOLUTE
    ../clib/stdlib.c                         0x00000000   Number         0  exit.o ABSOLUTE
    ../clib/string.c                         0x00000000   Number         0  strlen.o ABSOLUTE
    ../fplib/faddsub.s                       0x00000000   Number         0  faddsub_clz.o ABSOLUTE
    ../fplib/fcmpi.s                         0x00000000   Number         0  fcmpi.o ABSOLUTE
    ../fplib/fdiv.s                          0x00000000   Number         0  fdiv.o ABSOLUTE
    ../fplib/ffixu.s                         0x00000000   Number         0  ffixu.o ABSOLUTE
    ../fplib/fflt.s                          0x00000000   Number         0  fflt_clz.o ABSOLUTE
    ../fplib/fleqf.s                         0x00000000   Number         0  fleqf.o ABSOLUTE
    ../fplib/fmul.s                          0x00000000   Number         0  fmul.o ABSOLUTE
    ../fplib/fnaninf.s                       0x00000000   Number         0  fnaninf.o ABSOLUTE
    ../fplib/fpinit.s                        0x00000000   Number         0  fpinit.o ABSOLUTE
    ../fplib/fretinf.s                       0x00000000   Number         0  fretinf.o ABSOLUTE
    ../fplib/frleqf.s                        0x00000000   Number         0  frleqf.o ABSOLUTE
    ../fplib/usenofp.s                       0x00000000   Number         0  usenofp.o ABSOLUTE
    CMSIS\\core_cm3.c                        0x00000000   Number         0  core_cm3.o ABSOLUTE
    CMSIS\core_cm3.c                         0x00000000   Number         0  core_cm3.o ABSOLUTE
    CMSIS\system_stm32f10x.c                 0x00000000   Number         0  system_stm32f10x.o ABSOLUTE
    FreeRTOS_Library\\portable\\RVDS\\ARM_CM3\\port.c 0x00000000   Number         0  port.o ABSOLUTE
    FreeRTOS_Library\croutine.c              0x00000000   Number         0  croutine.o ABSOLUTE
    FreeRTOS_Library\event_groups.c          0x00000000   Number         0  event_groups.o ABSOLUTE
    FreeRTOS_Library\list.c                  0x00000000   Number         0  list.o ABSOLUTE
    FreeRTOS_Library\portable\MemMang\heap_1.c 0x00000000   Number         0  heap_1.o ABSOLUTE
    FreeRTOS_Library\portable\RVDS\ARM_CM3\port.c 0x00000000   Number         0  port.o ABSOLUTE
    FreeRTOS_Library\queue.c                 0x00000000   Number         0  queue.o ABSOLUTE
    FreeRTOS_Library\tasks.c                 0x00000000   Number         0  tasks.o ABSOLUTE
    FreeRTOS_Library\timers.c                0x00000000   Number         0  timers.o ABSOLUTE
    OLED_Lib\display.c                       0x00000000   Number         0  display.o ABSOLUTE
    OLED_Lib\fonts.c                         0x00000000   Number         0  fonts.o ABSOLUTE
    OLED_Lib\iic.c                           0x00000000   Number         0  iic.o ABSOLUTE
    OLED_Lib\ssd1306.c                       0x00000000   Number         0  ssd1306.o ABSOLUTE
    STM32F10x_StdPeriph_Driver\src\misc.c    0x00000000   Number         0  misc.o ABSOLUTE
    STM32F10x_StdPeriph_Driver\src\stm32f10x_adc.c 0x00000000   Number         0  stm32f10x_adc.o ABSOLUTE
    STM32F10x_StdPeriph_Driver\src\stm32f10x_bkp.c 0x00000000   Number         0  stm32f10x_bkp.o ABSOLUTE
    STM32F10x_StdPeriph_Driver\src\stm32f10x_can.c 0x00000000   Number         0  stm32f10x_can.o ABSOLUTE
    STM32F10x_StdPeriph_Driver\src\stm32f10x_cec.c 0x00000000   Number         0  stm32f10x_cec.o ABSOLUTE
    STM32F10x_StdPeriph_Driver\src\stm32f10x_crc.c 0x00000000   Number         0  stm32f10x_crc.o ABSOLUTE
    STM32F10x_StdPeriph_Driver\src\stm32f10x_dac.c 0x00000000   Number         0  stm32f10x_dac.o ABSOLUTE
    STM32F10x_StdPeriph_Driver\src\stm32f10x_dbgmcu.c 0x00000000   Number         0  stm32f10x_dbgmcu.o ABSOLUTE
    STM32F10x_StdPeriph_Driver\src\stm32f10x_dma.c 0x00000000   Number         0  stm32f10x_dma.o ABSOLUTE
    STM32F10x_StdPeriph_Driver\src\stm32f10x_exti.c 0x00000000   Number         0  stm32f10x_exti.o ABSOLUTE
    STM32F10x_StdPeriph_Driver\src\stm32f10x_flash.c 0x00000000   Number         0  stm32f10x_flash.o ABSOLUTE
    STM32F10x_StdPeriph_Driver\src\stm32f10x_fsmc.c 0x00000000   Number         0  stm32f10x_fsmc.o ABSOLUTE
    STM32F10x_StdPeriph_Driver\src\stm32f10x_gpio.c 0x00000000   Number         0  stm32f10x_gpio.o ABSOLUTE
    STM32F10x_StdPeriph_Driver\src\stm32f10x_i2c.c 0x00000000   Number         0  stm32f10x_i2c.o ABSOLUTE
    STM32F10x_StdPeriph_Driver\src\stm32f10x_iwdg.c 0x00000000   Number         0  stm32f10x_iwdg.o ABSOLUTE
    STM32F10x_StdPeriph_Driver\src\stm32f10x_pwr.c 0x00000000   Number         0  stm32f10x_pwr.o ABSOLUTE
    STM32F10x_StdPeriph_Driver\src\stm32f10x_rcc.c 0x00000000   Number         0  stm32f10x_rcc.o ABSOLUTE
    STM32F10x_StdPeriph_Driver\src\stm32f10x_rtc.c 0x00000000   Number         0  stm32f10x_rtc.o ABSOLUTE
    STM32F10x_StdPeriph_Driver\src\stm32f10x_sdio.c 0x00000000   Number         0  stm32f10x_sdio.o ABSOLUTE
    STM32F10x_StdPeriph_Driver\src\stm32f10x_spi.c 0x00000000   Number         0  stm32f10x_spi.o ABSOLUTE
    STM32F10x_StdPeriph_Driver\src\stm32f10x_tim.c 0x00000000   Number         0  stm32f10x_tim.o ABSOLUTE
    STM32F10x_StdPeriph_Driver\src\stm32f10x_usart.c 0x00000000   Number         0  stm32f10x_usart.o ABSOLUTE
    STM32F10x_StdPeriph_Driver\src\stm32f10x_wwdg.c 0x00000000   Number         0  stm32f10x_wwdg.o ABSOLUTE
    Startup\startup_stm32f10x_md.s           0x00000000   Number         0  startup_stm32f10x_md.o ABSOLUTE
    User\main.c                              0x00000000   Number         0  main.o ABSOLUTE
    dc.s                                     0x00000000   Number         0  dc.o ABSOLUTE
    RESET                                    0x08000000   Section      236  startup_stm32f10x_md.o(RESET)
    !!!main                                  0x080000ec   Section        8  __main.o(!!!main)
    !!!scatter                               0x080000f4   Section       52  __scatter.o(!!!scatter)
    !!handler_copy                           0x08000128   Section       26  __scatter_copy.o(!!handler_copy)
    !!handler_zi                             0x08000144   Section       28  __scatter_zi.o(!!handler_zi)
    .ARM.Collect$$libinit$$00000000          0x08000160   Section        2  libinit.o(.ARM.Collect$$libinit$$00000000)
    .ARM.Collect$$libinit$$00000002          0x08000162   Section        0  libinit2.o(.ARM.Collect$$libinit$$00000002)
    .ARM.Collect$$libinit$$00000004          0x08000162   Section        0  libinit2.o(.ARM.Collect$$libinit$$00000004)
    .ARM.Collect$$libinit$$0000000A          0x08000162   Section        0  libinit2.o(.ARM.Collect$$libinit$$0000000A)
    .ARM.Collect$$libinit$$0000000C          0x08000162   Section        0  libinit2.o(.ARM.Collect$$libinit$$0000000C)
    .ARM.Collect$$libinit$$0000000E          0x08000162   Section        0  libinit2.o(.ARM.Collect$$libinit$$0000000E)
    .ARM.Collect$$libinit$$00000011          0x08000162   Section        0  libinit2.o(.ARM.Collect$$libinit$$00000011)
    .ARM.Collect$$libinit$$00000013          0x08000162   Section        0  libinit2.o(.ARM.Collect$$libinit$$00000013)
    .ARM.Collect$$libinit$$00000015          0x08000162   Section        0  libinit2.o(.ARM.Collect$$libinit$$00000015)
    .ARM.Collect$$libinit$$00000017          0x08000162   Section        0  libinit2.o(.ARM.Collect$$libinit$$00000017)
    .ARM.Collect$$libinit$$00000019          0x08000162   Section        0  libinit2.o(.ARM.Collect$$libinit$$00000019)
    .ARM.Collect$$libinit$$0000001B          0x08000162   Section        0  libinit2.o(.ARM.Collect$$libinit$$0000001B)
    .ARM.Collect$$libinit$$0000001D          0x08000162   Section        0  libinit2.o(.ARM.Collect$$libinit$$0000001D)
    .ARM.Collect$$libinit$$0000001F          0x08000162   Section        0  libinit2.o(.ARM.Collect$$libinit$$0000001F)
    .ARM.Collect$$libinit$$00000021          0x08000162   Section        0  libinit2.o(.ARM.Collect$$libinit$$00000021)
    .ARM.Collect$$libinit$$00000023          0x08000162   Section        0  libinit2.o(.ARM.Collect$$libinit$$00000023)
    .ARM.Collect$$libinit$$00000025          0x08000162   Section        0  libinit2.o(.ARM.Collect$$libinit$$00000025)
    .ARM.Collect$$libinit$$0000002C          0x08000162   Section        0  libinit2.o(.ARM.Collect$$libinit$$0000002C)
    .ARM.Collect$$libinit$$0000002E          0x08000162   Section        0  libinit2.o(.ARM.Collect$$libinit$$0000002E)
    .ARM.Collect$$libinit$$00000030          0x08000162   Section        0  libinit2.o(.ARM.Collect$$libinit$$00000030)
    .ARM.Collect$$libinit$$00000032          0x08000162   Section        0  libinit2.o(.ARM.Collect$$libinit$$00000032)
    .ARM.Collect$$libinit$$00000033          0x08000162   Section        2  libinit2.o(.ARM.Collect$$libinit$$00000033)
    .ARM.Collect$$libshutdown$$00000000      0x08000164   Section        2  libshutdown.o(.ARM.Collect$$libshutdown$$00000000)
    .ARM.Collect$$libshutdown$$00000002      0x08000166   Section        0  libshutdown2.o(.ARM.Collect$$libshutdown$$00000002)
    .ARM.Collect$$libshutdown$$00000004      0x08000166   Section        0  libshutdown2.o(.ARM.Collect$$libshutdown$$00000004)
    .ARM.Collect$$libshutdown$$00000007      0x08000166   Section        0  libshutdown2.o(.ARM.Collect$$libshutdown$$00000007)
    .ARM.Collect$$libshutdown$$0000000A      0x08000166   Section        0  libshutdown2.o(.ARM.Collect$$libshutdown$$0000000A)
    .ARM.Collect$$libshutdown$$0000000C      0x08000166   Section        0  libshutdown2.o(.ARM.Collect$$libshutdown$$0000000C)
    .ARM.Collect$$libshutdown$$0000000F      0x08000166   Section        0  libshutdown2.o(.ARM.Collect$$libshutdown$$0000000F)
    .ARM.Collect$$libshutdown$$00000010      0x08000166   Section        2  libshutdown2.o(.ARM.Collect$$libshutdown$$00000010)
    .ARM.Collect$$rtentry$$00000000          0x08000168   Section        0  __rtentry.o(.ARM.Collect$$rtentry$$00000000)
    .ARM.Collect$$rtentry$$00000002          0x08000168   Section        0  __rtentry2.o(.ARM.Collect$$rtentry$$00000002)
    .ARM.Collect$$rtentry$$00000004          0x08000168   Section        6  __rtentry4.o(.ARM.Collect$$rtentry$$00000004)
    .ARM.Collect$$rtentry$$00000009          0x0800016e   Section        0  __rtentry2.o(.ARM.Collect$$rtentry$$00000009)
    .ARM.Collect$$rtentry$$0000000A          0x0800016e   Section        4  __rtentry2.o(.ARM.Collect$$rtentry$$0000000A)
    .ARM.Collect$$rtentry$$0000000C          0x08000172   Section        0  __rtentry2.o(.ARM.Collect$$rtentry$$0000000C)
    .ARM.Collect$$rtentry$$0000000D          0x08000172   Section        8  __rtentry2.o(.ARM.Collect$$rtentry$$0000000D)
    .ARM.Collect$$rtexit$$00000000           0x0800017a   Section        2  rtexit.o(.ARM.Collect$$rtexit$$00000000)
    .ARM.Collect$$rtexit$$00000002           0x0800017c   Section        0  rtexit2.o(.ARM.Collect$$rtexit$$00000002)
    .ARM.Collect$$rtexit$$00000003           0x0800017c   Section        4  rtexit2.o(.ARM.Collect$$rtexit$$00000003)
    .ARM.Collect$$rtexit$$00000004           0x08000180   Section        6  rtexit2.o(.ARM.Collect$$rtexit$$00000004)
    .emb_text                                0x08000188   Section      162  port.o(.emb_text)
    .text                                    0x0800022c   Section       64  startup_stm32f10x_md.o(.text)
    .text                                    0x0800026c   Section       16  aeabi_memset.o(.text)
    .text                                    0x0800027c   Section        0  heapauxi.o(.text)
    .text                                    0x08000282   Section       68  rt_memclr.o(.text)
    .text                                    0x080002c6   Section       78  rt_memclr_w.o(.text)
    .text                                    0x08000314   Section       74  sys_stackheap_outer.o(.text)
    .text                                    0x0800035e   Section        0  exit.o(.text)
    .text                                    0x08000370   Section        8  libspace.o(.text)
    .text                                    0x08000378   Section        0  sys_exit.o(.text)
    .text                                    0x08000384   Section        2  use_no_semi.o(.text)
    .text                                    0x08000386   Section        0  indicate_semi.o(.text)
    i.ADC_Cmd                                0x08000386   Section        0  stm32f10x_adc.o(i.ADC_Cmd)
    i.ADC_Configuration                      0x0800039c   Section        0  main.o(i.ADC_Configuration)
    i.ADC_DMACmd                             0x0800043c   Section        0  stm32f10x_adc.o(i.ADC_DMACmd)
    i.ADC_GetCalibrationStatus               0x08000452   Section        0  stm32f10x_adc.o(i.ADC_GetCalibrationStatus)
    i.ADC_GetResetCalibrationStatus          0x08000466   Section        0  stm32f10x_adc.o(i.ADC_GetResetCalibrationStatus)
    i.ADC_Init                               0x0800047c   Section        0  stm32f10x_adc.o(i.ADC_Init)
    i.ADC_RegularChannelConfig               0x080004cc   Section        0  stm32f10x_adc.o(i.ADC_RegularChannelConfig)
    i.ADC_ResetCalibration                   0x08000584   Section        0  stm32f10x_adc.o(i.ADC_ResetCalibration)
    i.ADC_SoftwareStartConvCmd               0x0800058e   Section        0  stm32f10x_adc.o(i.ADC_SoftwareStartConvCmd)
    i.ADC_StartCalibration                   0x080005a4   Section        0  stm32f10x_adc.o(i.ADC_StartCalibration)
    i.AI_Task                                0x080005b0   Section        0  main.o(i.AI_Task)
    AI_Task                                  0x080005b1   Thumb Code    56  main.o(i.AI_Task)
    i.DMA_Cmd                                0x080005f0   Section        0  stm32f10x_dma.o(i.DMA_Cmd)
    i.DMA_Configuration                      0x08000608   Section        0  main.o(i.DMA_Configuration)
    i.DMA_DeInit                             0x08000660   Section        0  stm32f10x_dma.o(i.DMA_DeInit)
    i.DMA_Init                               0x080007ac   Section        0  stm32f10x_dma.o(i.DMA_Init)
    i.Display_Task                           0x080007e8   Section        0  main.o(i.Display_Task)
    Display_Task                             0x080007e9   Thumb Code   242  main.o(i.Display_Task)
    i.Encoder_Task                           0x080008f8   Section        0  main.o(i.Encoder_Task)
    Encoder_Task                             0x080008f9   Thumb Code   184  main.o(i.Encoder_Task)
    i.GPIO_Configuration                     0x080009c4   Section        0  main.o(i.GPIO_Configuration)
    i.GPIO_Init                              0x08000a20   Section        0  stm32f10x_gpio.o(i.GPIO_Init)
    i.GPIO_ReadInputData                     0x08000b36   Section        0  stm32f10x_gpio.o(i.GPIO_ReadInputData)
    i.GPIO_ResetBits                         0x08000b3e   Section        0  stm32f10x_gpio.o(i.GPIO_ResetBits)
    i.GPIO_SetBits                           0x08000b42   Section        0  stm32f10x_gpio.o(i.GPIO_SetBits)
    i.I2C_Cmd                                0x08000b46   Section        0  stm32f10x_i2c.o(i.I2C_Cmd)
    i.I2C_DeInit                             0x08000b60   Section        0  stm32f10x_i2c.o(i.I2C_DeInit)
    i.I2C_GenerateSTART                      0x08000b98   Section        0  stm32f10x_i2c.o(i.I2C_GenerateSTART)
    i.I2C_GenerateSTOP                       0x08000bb0   Section        0  stm32f10x_i2c.o(i.I2C_GenerateSTOP)
    i.I2C_GetFlagStatus                      0x08000bc8   Section        0  stm32f10x_i2c.o(i.I2C_GetFlagStatus)
    i.I2C_Init                               0x08000c04   Section        0  stm32f10x_i2c.o(i.I2C_Init)
    i.I2C_Send7bitAddress                    0x08000cf0   Section        0  stm32f10x_i2c.o(i.I2C_Send7bitAddress)
    i.I2C_SendData                           0x08000d02   Section        0  stm32f10x_i2c.o(i.I2C_SendData)
    i.InitDisplay                            0x08000d08   Section        0  display.o(i.InitDisplay)
    i.RCC_ADCCLKConfig                       0x08000d18   Section        0  stm32f10x_rcc.o(i.RCC_ADCCLKConfig)
    i.RCC_AHBPeriphClockCmd                  0x08000d30   Section        0  stm32f10x_rcc.o(i.RCC_AHBPeriphClockCmd)
    i.RCC_APB1PeriphClockCmd                 0x08000d50   Section        0  stm32f10x_rcc.o(i.RCC_APB1PeriphClockCmd)
    i.RCC_APB1PeriphResetCmd                 0x08000d70   Section        0  stm32f10x_rcc.o(i.RCC_APB1PeriphResetCmd)
    i.RCC_APB2PeriphClockCmd                 0x08000d90   Section        0  stm32f10x_rcc.o(i.RCC_APB2PeriphClockCmd)
    i.RCC_Configuration                      0x08000db0   Section        0  main.o(i.RCC_Configuration)
    i.RCC_GetClocksFreq                      0x08000dd0   Section        0  stm32f10x_rcc.o(i.RCC_GetClocksFreq)
    i.ReadADC_Task                           0x08000ea4   Section        0  main.o(i.ReadADC_Task)
    ReadADC_Task                             0x08000ea5   Thumb Code    82  main.o(i.ReadADC_Task)
    i.SSD1306_DrawPixel                      0x08000f0c   Section        0  ssd1306.o(i.SSD1306_DrawPixel)
    i.SSD1306_Fill                           0x08000fbc   Section        0  ssd1306.o(i.SSD1306_Fill)
    i.SSD1306_GotoXY                         0x08000fdc   Section        0  ssd1306.o(i.SSD1306_GotoXY)
    i.SSD1306_Init                           0x08000fe8   Section        0  ssd1306.o(i.SSD1306_Init)
    i.SSD1306_Putc                           0x08001138   Section        0  ssd1306.o(i.SSD1306_Putc)
    i.SSD1306_Puts                           0x080011e0   Section        0  ssd1306.o(i.SSD1306_Puts)
    i.SSD1306_UpdateScreen                   0x0800120c   Section        0  ssd1306.o(i.SSD1306_UpdateScreen)
    i.SetSysClock                            0x08001254   Section        0  system_stm32f10x.o(i.SetSysClock)
    SetSysClock                              0x08001255   Thumb Code     8  system_stm32f10x.o(i.SetSysClock)
    i.SetSysClockTo72                        0x0800125c   Section        0  system_stm32f10x.o(i.SetSysClockTo72)
    SetSysClockTo72                          0x0800125d   Thumb Code   214  system_stm32f10x.o(i.SetSysClockTo72)
    i.SysTick_Handler                        0x0800133c   Section        0  port.o(i.SysTick_Handler)
    i.SystemInit                             0x0800135c   Section        0  system_stm32f10x.o(i.SystemInit)
    i.WriteDisplayNoClear                    0x080013bc   Section        0  display.o(i.WriteDisplayNoClear)
    i.convert_int_2_str                      0x080013ee   Section        0  main.o(i.convert_int_2_str)
    i.i2cm_Start                             0x08001446   Section        0  iic.o(i.i2cm_Start)
    i.i2cm_Stop                              0x08001494   Section        0  iic.o(i.i2cm_Stop)
    i.i2cm_WriteBuff                         0x080014b4   Section        0  iic.o(i.i2cm_WriteBuff)
    i.i2cm_init                              0x080014e0   Section        0  iic.o(i.i2cm_init)
    i.inc_range                              0x08001584   Section        0  main.o(i.inc_range)
    i.limit                                  0x080015e6   Section        0  main.o(i.limit)
    i.main                                   0x080015f4   Section        0  main.o(i.main)
    i.prvAddCurrentTaskToDelayedList         0x080016c8   Section        0  tasks.o(i.prvAddCurrentTaskToDelayedList)
    prvAddCurrentTaskToDelayedList           0x080016c9   Thumb Code    62  tasks.o(i.prvAddCurrentTaskToDelayedList)
    i.prvAllocateTCBAndStack                 0x0800171c   Section        0  tasks.o(i.prvAllocateTCBAndStack)
    prvAllocateTCBAndStack                   0x0800171d   Thumb Code    54  tasks.o(i.prvAllocateTCBAndStack)
    i.prvCheckTasksWaitingTermination        0x08001754   Section        0  tasks.o(i.prvCheckTasksWaitingTermination)
    prvCheckTasksWaitingTermination          0x08001755   Thumb Code    86  tasks.o(i.prvCheckTasksWaitingTermination)
    i.prvDeleteTCB                           0x080017b8   Section        0  tasks.o(i.prvDeleteTCB)
    prvDeleteTCB                             0x080017b9   Thumb Code    18  tasks.o(i.prvDeleteTCB)
    i.prvIdleTask                            0x080017cc   Section        0  tasks.o(i.prvIdleTask)
    prvIdleTask                              0x080017cd   Thumb Code    20  tasks.o(i.prvIdleTask)
    i.prvInitialiseTCBVariables              0x080017e4   Section        0  tasks.o(i.prvInitialiseTCBVariables)
    prvInitialiseTCBVariables                0x080017e5   Thumb Code    92  tasks.o(i.prvInitialiseTCBVariables)
    i.prvInitialiseTaskLists                 0x08001840   Section        0  tasks.o(i.prvInitialiseTaskLists)
    prvInitialiseTaskLists                   0x08001841   Thumb Code    70  tasks.o(i.prvInitialiseTaskLists)
    i.prvResetNextTaskUnblockTime            0x080018a8   Section        0  tasks.o(i.prvResetNextTaskUnblockTime)
    prvResetNextTaskUnblockTime              0x080018a9   Thumb Code    42  tasks.o(i.prvResetNextTaskUnblockTime)
    i.prvTaskExitError                       0x080018dc   Section        0  port.o(i.prvTaskExitError)
    prvTaskExitError                         0x080018dd   Thumb Code     8  port.o(i.prvTaskExitError)
    i.pvPortMalloc                           0x080018e4   Section        0  heap_1.o(i.pvPortMalloc)
    i.pxPortInitialiseStack                  0x08001954   Section        0  port.o(i.pxPortInitialiseStack)
    i.ssd1306_I2C_Init                       0x08001974   Section        0  ssd1306.o(i.ssd1306_I2C_Init)
    i.ssd1306_I2C_Write                      0x0800198c   Section        0  ssd1306.o(i.ssd1306_I2C_Write)
    i.ssd1306_I2C_WriteMulti                 0x080019c4   Section        0  ssd1306.o(i.ssd1306_I2C_WriteMulti)
    i.uxListRemove                           0x08001a04   Section        0  list.o(i.uxListRemove)
    i.vListInitialise                        0x08001a2c   Section        0  list.o(i.vListInitialise)
    i.vListInitialiseItem                    0x08001a46   Section        0  list.o(i.vListInitialiseItem)
    i.vListInsert                            0x08001a4c   Section        0  list.o(i.vListInsert)
    i.vListInsertEnd                         0x08001a80   Section        0  list.o(i.vListInsertEnd)
    i.vPortEnterCritical                     0x08001a98   Section        0  port.o(i.vPortEnterCritical)
    i.vPortExitCritical                      0x08001ab8   Section        0  port.o(i.vPortExitCritical)
    i.vPortFree                              0x08001ad8   Section        0  heap_1.o(i.vPortFree)
    i.vPortSetupTimerInterrupt               0x08001adc   Section        0  port.o(i.vPortSetupTimerInterrupt)
    i.vPortYield                             0x08001af0   Section        0  port.o(i.vPortYield)
    i.vTaskDelay                             0x08001b08   Section        0  tasks.o(i.vTaskDelay)
    i.vTaskStartScheduler                    0x08001b5c   Section        0  tasks.o(i.vTaskStartScheduler)
    i.vTaskSuspendAll                        0x08001bb0   Section        0  tasks.o(i.vTaskSuspendAll)
    i.vTaskSwitchContext                     0x08001bc0   Section        0  tasks.o(i.vTaskSwitchContext)
    i.xPortStartScheduler                    0x08001c20   Section        0  port.o(i.xPortStartScheduler)
    i.xTaskGenericCreate                     0x08001c54   Section        0  tasks.o(i.xTaskGenericCreate)
    i.xTaskIncrementTick                     0x08001d50   Section        0  tasks.o(i.xTaskIncrementTick)
    i.xTaskResumeAll                         0x08001e70   Section        0  tasks.o(i.xTaskResumeAll)
    x$fpl$fadd                               0x08001f4c   Section      196  faddsub_clz.o(x$fpl$fadd)
    _fadd1                                   0x08001f5b   Thumb Code     0  faddsub_clz.o(x$fpl$fadd)
    x$fpl$fcmpinf                            0x08002010   Section       24  fcmpi.o(x$fpl$fcmpinf)
    x$fpl$fdiv                               0x08002028   Section      388  fdiv.o(x$fpl$fdiv)
    _fdiv1                                   0x08002029   Thumb Code     0  fdiv.o(x$fpl$fdiv)
    x$fpl$ffixu                              0x080021ac   Section       62  ffixu.o(x$fpl$ffixu)
    x$fpl$ffltu                              0x080021ec   Section       38  fflt_clz.o(x$fpl$ffltu)
    x$fpl$fleqf                              0x08002214   Section      104  fleqf.o(x$fpl$fleqf)
    x$fpl$fmul                               0x0800227c   Section      258  fmul.o(x$fpl$fmul)
    x$fpl$fnaninf                            0x0800237e   Section      140  fnaninf.o(x$fpl$fnaninf)
    x$fpl$fretinf                            0x0800240a   Section       10  fretinf.o(x$fpl$fretinf)
    x$fpl$frleqf                             0x08002414   Section       98  frleqf.o(x$fpl$frleqf)
    x$fpl$fsub                               0x08002478   Section      234  faddsub_clz.o(x$fpl$fsub)
    _fsub1                                   0x08002487   Thumb Code     0  faddsub_clz.o(x$fpl$fsub)
    .constdata                               0x08002562   Section    10260  fonts.o(.constdata)
    x$fpl$usenofp                            0x08002562   Section        0  usenofp.o(x$fpl$usenofp)
    .data                                    0x20000000   Section       13  main.o(.data)
    .data                                    0x2000000d   Section       20  stm32f10x_rcc.o(.data)
    APBAHBPrescTable                         0x2000000d   Data          16  stm32f10x_rcc.o(.data)
    ADCPrescTable                            0x2000001d   Data           4  stm32f10x_rcc.o(.data)
    .data                                    0x20000024   Section       24  fonts.o(.data)
    .data                                    0x2000003c   Section       10  ssd1306.o(.data)
    SSD1306                                  0x20000040   Data           6  ssd1306.o(.data)
    .data                                    0x20000048   Section        8  heap_1.o(.data)
    xNextFreeByte                            0x20000048   Data           4  heap_1.o(.data)
    pucAlignedHeap                           0x2000004c   Data           4  heap_1.o(.data)
    .data                                    0x20000050   Section        4  port.o(.data)
    uxCriticalNesting                        0x20000050   Data           4  port.o(.data)
    .data                                    0x20000054   Section       56  tasks.o(.data)
    pxDelayedTaskList                        0x20000058   Data           4  tasks.o(.data)
    pxOverflowDelayedTaskList                0x2000005c   Data           4  tasks.o(.data)
    uxTasksDeleted                           0x20000060   Data           4  tasks.o(.data)
    uxCurrentNumberOfTasks                   0x20000064   Data           4  tasks.o(.data)
    xTickCount                               0x20000068   Data           4  tasks.o(.data)
    uxTopReadyPriority                       0x2000006c   Data           4  tasks.o(.data)
    xSchedulerRunning                        0x20000070   Data           4  tasks.o(.data)
    uxPendedTicks                            0x20000074   Data           4  tasks.o(.data)
    xYieldPending                            0x20000078   Data           4  tasks.o(.data)
    xNumOfOverflows                          0x2000007c   Data           4  tasks.o(.data)
    uxTaskNumber                             0x20000080   Data           4  tasks.o(.data)
    xNextTaskUnblockTime                     0x20000084   Data           4  tasks.o(.data)
    uxSchedulerSuspended                     0x20000088   Data           4  tasks.o(.data)
    .bss                                     0x2000008c   Section     1040  ssd1306.o(.bss)
    SSD1306_Buffer                           0x2000008c   Data        1040  ssd1306.o(.bss)
    .bss                                     0x2000049c   Section    17408  heap_1.o(.bss)
    ucHeap                                   0x2000049c   Data       17408  heap_1.o(.bss)
    .bss                                     0x2000489c   Section      200  tasks.o(.bss)
    pxReadyTasksLists                        0x2000489c   Data         100  tasks.o(.bss)
    xDelayedTaskList1                        0x20004900   Data          20  tasks.o(.bss)
    xDelayedTaskList2                        0x20004914   Data          20  tasks.o(.bss)
    xPendingReadyList                        0x20004928   Data          20  tasks.o(.bss)
    xTasksWaitingTermination                 0x2000493c   Data          20  tasks.o(.bss)
    xSuspendedTaskList                       0x20004950   Data          20  tasks.o(.bss)
    .bss                                     0x20004964   Section       96  libspace.o(.bss)
    HEAP                                     0x200049c8   Section      512  startup_stm32f10x_md.o(HEAP)
    Heap_Mem                                 0x200049c8   Data         512  startup_stm32f10x_md.o(HEAP)
    STACK                                    0x20004bc8   Section     1024  startup_stm32f10x_md.o(STACK)
    Stack_Mem                                0x20004bc8   Data        1024  startup_stm32f10x_md.o(STACK)
    __initial_sp                             0x20004fc8   Data           0  startup_stm32f10x_md.o(STACK)

    Global Symbols

    Symbol Name                              Value     Ov Type        Size  Object(Section)

    BuildAttributes$$THM_ISAv4$P$D$K$B$S$PE$A:L22UL41UL21$X:L11$S22US41US21$IEEE1$IW$USESV6$~STKCKD$USESV7$~SHL$OSPACE$ROPI$EBA8$UX$STANDARDLIB$REQ8$PRES8$EABIv2 0x00000000   Number         0  anon$$obj.o ABSOLUTE
    __ARM_use_no_argv                        0x00000000   Number         0  main.o ABSOLUTE
    __ARM_exceptions_init                     - Undefined Weak Reference
    __alloca_initialize                       - Undefined Weak Reference
    __arm_preinit_                            - Undefined Weak Reference
    __cpp_initialize__aeabi_                  - Undefined Weak Reference
    __cxa_finalize                            - Undefined Weak Reference
    __rt_locale                               - Undefined Weak Reference
    __sigvec_lookup                           - Undefined Weak Reference
    _atexit_init                              - Undefined Weak Reference
    _call_atexit_fns                          - Undefined Weak Reference
    _clock_init                               - Undefined Weak Reference
    _fp_trap_init                             - Undefined Weak Reference
    _fp_trap_shutdown                         - Undefined Weak Reference
    _get_lc_collate                           - Undefined Weak Reference
    _get_lc_ctype                             - Undefined Weak Reference
    _get_lc_monetary                          - Undefined Weak Reference
    _get_lc_numeric                           - Undefined Weak Reference
    _get_lc_time                              - Undefined Weak Reference
    _getenv_init                              - Undefined Weak Reference
    _handle_redirection                       - Undefined Weak Reference
    _init_alloc                               - Undefined Weak Reference
    _init_user_alloc                          - Undefined Weak Reference
    _initio                                   - Undefined Weak Reference
    _rand_init                                - Undefined Weak Reference
    _signal_finish                            - Undefined Weak Reference
    _signal_init                              - Undefined Weak Reference
    _terminate_alloc                          - Undefined Weak Reference
    _terminate_user_alloc                     - Undefined Weak Reference
    _terminateio                              - Undefined Weak Reference
    __Vectors_Size                           0x000000ec   Number         0  startup_stm32f10x_md.o ABSOLUTE
    __Vectors                                0x08000000   Data           4  startup_stm32f10x_md.o(RESET)
    __Vectors_End                            0x080000ec   Data           0  startup_stm32f10x_md.o(RESET)
    __main                                   0x080000ed   Thumb Code     8  __main.o(!!!main)
    __scatterload                            0x080000f5   Thumb Code     0  __scatter.o(!!!scatter)
    __scatterload_rt2                        0x080000f5   Thumb Code    44  __scatter.o(!!!scatter)
    __scatterload_rt2_thumb_only             0x080000f5   Thumb Code     0  __scatter.o(!!!scatter)
    __scatterload_null                       0x08000103   Thumb Code     0  __scatter.o(!!!scatter)
    __scatterload_copy                       0x08000129   Thumb Code    26  __scatter_copy.o(!!handler_copy)
    __scatterload_zeroinit                   0x08000145   Thumb Code    28  __scatter_zi.o(!!handler_zi)
    __rt_lib_init                            0x08000161   Thumb Code     0  libinit.o(.ARM.Collect$$libinit$$00000000)
    __rt_lib_init_alloca_1                   0x08000163   Thumb Code     0  libinit2.o(.ARM.Collect$$libinit$$0000002E)
    __rt_lib_init_argv_1                     0x08000163   Thumb Code     0  libinit2.o(.ARM.Collect$$libinit$$0000002C)
    __rt_lib_init_atexit_1                   0x08000163   Thumb Code     0  libinit2.o(.ARM.Collect$$libinit$$0000001B)
    __rt_lib_init_clock_1                    0x08000163   Thumb Code     0  libinit2.o(.ARM.Collect$$libinit$$00000021)
    __rt_lib_init_cpp_1                      0x08000163   Thumb Code     0  libinit2.o(.ARM.Collect$$libinit$$00000032)
    __rt_lib_init_exceptions_1               0x08000163   Thumb Code     0  libinit2.o(.ARM.Collect$$libinit$$00000030)
    __rt_lib_init_fp_1                       0x08000163   Thumb Code     0  libinit2.o(.ARM.Collect$$libinit$$00000002)
    __rt_lib_init_fp_trap_1                  0x08000163   Thumb Code     0  libinit2.o(.ARM.Collect$$libinit$$0000001F)
    __rt_lib_init_getenv_1                   0x08000163   Thumb Code     0  libinit2.o(.ARM.Collect$$libinit$$00000023)
    __rt_lib_init_heap_1                     0x08000163   Thumb Code     0  libinit2.o(.ARM.Collect$$libinit$$0000000A)
    __rt_lib_init_lc_collate_1               0x08000163   Thumb Code     0  libinit2.o(.ARM.Collect$$libinit$$00000011)
    __rt_lib_init_lc_ctype_1                 0x08000163   Thumb Code     0  libinit2.o(.ARM.Collect$$libinit$$00000013)
    __rt_lib_init_lc_monetary_1              0x08000163   Thumb Code     0  libinit2.o(.ARM.Collect$$libinit$$00000015)
    __rt_lib_init_lc_numeric_1               0x08000163   Thumb Code     0  libinit2.o(.ARM.Collect$$libinit$$00000017)
    __rt_lib_init_lc_time_1                  0x08000163   Thumb Code     0  libinit2.o(.ARM.Collect$$libinit$$00000019)
    __rt_lib_init_preinit_1                  0x08000163   Thumb Code     0  libinit2.o(.ARM.Collect$$libinit$$00000004)
    __rt_lib_init_rand_1                     0x08000163   Thumb Code     0  libinit2.o(.ARM.Collect$$libinit$$0000000E)
    __rt_lib_init_return                     0x08000163   Thumb Code     0  libinit2.o(.ARM.Collect$$libinit$$00000033)
    __rt_lib_init_signal_1                   0x08000163   Thumb Code     0  libinit2.o(.ARM.Collect$$libinit$$0000001D)
    __rt_lib_init_stdio_1                    0x08000163   Thumb Code     0  libinit2.o(.ARM.Collect$$libinit$$00000025)
    __rt_lib_init_user_alloc_1               0x08000163   Thumb Code     0  libinit2.o(.ARM.Collect$$libinit$$0000000C)
    __rt_lib_shutdown                        0x08000165   Thumb Code     0  libshutdown.o(.ARM.Collect$$libshutdown$$00000000)
    __rt_lib_shutdown_cpp_1                  0x08000167   Thumb Code     0  libshutdown2.o(.ARM.Collect$$libshutdown$$00000002)
    __rt_lib_shutdown_fp_trap_1              0x08000167   Thumb Code     0  libshutdown2.o(.ARM.Collect$$libshutdown$$00000007)
    __rt_lib_shutdown_heap_1                 0x08000167   Thumb Code     0  libshutdown2.o(.ARM.Collect$$libshutdown$$0000000F)
    __rt_lib_shutdown_return                 0x08000167   Thumb Code     0  libshutdown2.o(.ARM.Collect$$libshutdown$$00000010)
    __rt_lib_shutdown_signal_1               0x08000167   Thumb Code     0  libshutdown2.o(.ARM.Collect$$libshutdown$$0000000A)
    __rt_lib_shutdown_stdio_1                0x08000167   Thumb Code     0  libshutdown2.o(.ARM.Collect$$libshutdown$$00000004)
    __rt_lib_shutdown_user_alloc_1           0x08000167   Thumb Code     0  libshutdown2.o(.ARM.Collect$$libshutdown$$0000000C)
    __rt_entry                               0x08000169   Thumb Code     0  __rtentry.o(.ARM.Collect$$rtentry$$00000000)
    __rt_entry_presh_1                       0x08000169   Thumb Code     0  __rtentry2.o(.ARM.Collect$$rtentry$$00000002)
    __rt_entry_sh                            0x08000169   Thumb Code     0  __rtentry4.o(.ARM.Collect$$rtentry$$00000004)
    __rt_entry_li                            0x0800016f   Thumb Code     0  __rtentry2.o(.ARM.Collect$$rtentry$$0000000A)
    __rt_entry_postsh_1                      0x0800016f   Thumb Code     0  __rtentry2.o(.ARM.Collect$$rtentry$$00000009)
    __rt_entry_main                          0x08000173   Thumb Code     0  __rtentry2.o(.ARM.Collect$$rtentry$$0000000D)
    __rt_entry_postli_1                      0x08000173   Thumb Code     0  __rtentry2.o(.ARM.Collect$$rtentry$$0000000C)
    __rt_exit                                0x0800017b   Thumb Code     0  rtexit.o(.ARM.Collect$$rtexit$$00000000)
    __rt_exit_ls                             0x0800017d   Thumb Code     0  rtexit2.o(.ARM.Collect$$rtexit$$00000003)
    __rt_exit_prels_1                        0x0800017d   Thumb Code     0  rtexit2.o(.ARM.Collect$$rtexit$$00000002)
    __rt_exit_exit                           0x08000181   Thumb Code     0  rtexit2.o(.ARM.Collect$$rtexit$$00000004)
    SVC_Handler                              0x08000189   Thumb Code    32  port.o(.emb_text)
    __asm___6_port_c_39a90d8d__prvStartFirstTask 0x080001ad   Thumb Code    28  port.o(.emb_text)
    PendSV_Handler                           0x080001cd   Thumb Code    64  port.o(.emb_text)
    ulPortSetInterruptMask                   0x08000211   Thumb Code    14  port.o(.emb_text)
    vPortClearInterruptMask                  0x0800021f   Thumb Code     6  port.o(.emb_text)
    vPortGetIPSR                             0x08000225   Thumb Code     6  port.o(.emb_text)
    Reset_Handler                            0x0800022d   Thumb Code     8  startup_stm32f10x_md.o(.text)
    NMI_Handler                              0x08000235   Thumb Code     2  startup_stm32f10x_md.o(.text)
    HardFault_Handler                        0x08000237   Thumb Code     2  startup_stm32f10x_md.o(.text)
    MemManage_Handler                        0x08000239   Thumb Code     2  startup_stm32f10x_md.o(.text)
    BusFault_Handler                         0x0800023b   Thumb Code     2  startup_stm32f10x_md.o(.text)
    UsageFault_Handler                       0x0800023d   Thumb Code     2  startup_stm32f10x_md.o(.text)
    DebugMon_Handler                         0x08000241   Thumb Code     2  startup_stm32f10x_md.o(.text)
    ADC1_2_IRQHandler                        0x08000247   Thumb Code     0  startup_stm32f10x_md.o(.text)
    CAN1_RX1_IRQHandler                      0x08000247   Thumb Code     0  startup_stm32f10x_md.o(.text)
    CAN1_SCE_IRQHandler                      0x08000247   Thumb Code     0  startup_stm32f10x_md.o(.text)
    DMA1_Channel1_IRQHandler                 0x08000247   Thumb Code     0  startup_stm32f10x_md.o(.text)
    DMA1_Channel2_IRQHandler                 0x08000247   Thumb Code     0  startup_stm32f10x_md.o(.text)
    DMA1_Channel3_IRQHandler                 0x08000247   Thumb Code     0  startup_stm32f10x_md.o(.text)
    DMA1_Channel4_IRQHandler                 0x08000247   Thumb Code     0  startup_stm32f10x_md.o(.text)
    DMA1_Channel5_IRQHandler                 0x08000247   Thumb Code     0  startup_stm32f10x_md.o(.text)
    DMA1_Channel6_IRQHandler                 0x08000247   Thumb Code     0  startup_stm32f10x_md.o(.text)
    DMA1_Channel7_IRQHandler                 0x08000247   Thumb Code     0  startup_stm32f10x_md.o(.text)
    EXTI0_IRQHandler                         0x08000247   Thumb Code     0  startup_stm32f10x_md.o(.text)
    EXTI15_10_IRQHandler                     0x08000247   Thumb Code     0  startup_stm32f10x_md.o(.text)
    EXTI1_IRQHandler                         0x08000247   Thumb Code     0  startup_stm32f10x_md.o(.text)
    EXTI2_IRQHandler                         0x08000247   Thumb Code     0  startup_stm32f10x_md.o(.text)
    EXTI3_IRQHandler                         0x08000247   Thumb Code     0  startup_stm32f10x_md.o(.text)
    EXTI4_IRQHandler                         0x08000247   Thumb Code     0  startup_stm32f10x_md.o(.text)
    EXTI9_5_IRQHandler                       0x08000247   Thumb Code     0  startup_stm32f10x_md.o(.text)
    FLASH_IRQHandler                         0x08000247   Thumb Code     0  startup_stm32f10x_md.o(.text)
    I2C1_ER_IRQHandler                       0x08000247   Thumb Code     0  startup_stm32f10x_md.o(.text)
    I2C1_EV_IRQHandler                       0x08000247   Thumb Code     0  startup_stm32f10x_md.o(.text)
    I2C2_ER_IRQHandler                       0x08000247   Thumb Code     0  startup_stm32f10x_md.o(.text)
    I2C2_EV_IRQHandler                       0x08000247   Thumb Code     0  startup_stm32f10x_md.o(.text)
    PVD_IRQHandler                           0x08000247   Thumb Code     0  startup_stm32f10x_md.o(.text)
    RCC_IRQHandler                           0x08000247   Thumb Code     0  startup_stm32f10x_md.o(.text)
    RTCAlarm_IRQHandler                      0x08000247   Thumb Code     0  startup_stm32f10x_md.o(.text)
    RTC_IRQHandler                           0x08000247   Thumb Code     0  startup_stm32f10x_md.o(.text)
    SPI1_IRQHandler                          0x08000247   Thumb Code     0  startup_stm32f10x_md.o(.text)
    SPI2_IRQHandler                          0x08000247   Thumb Code     0  startup_stm32f10x_md.o(.text)
    TAMPER_IRQHandler                        0x08000247   Thumb Code     0  startup_stm32f10x_md.o(.text)
    TIM1_BRK_IRQHandler                      0x08000247   Thumb Code     0  startup_stm32f10x_md.o(.text)
    TIM1_CC_IRQHandler                       0x08000247   Thumb Code     0  startup_stm32f10x_md.o(.text)
    TIM1_TRG_COM_IRQHandler                  0x08000247   Thumb Code     0  startup_stm32f10x_md.o(.text)
    TIM1_UP_IRQHandler                       0x08000247   Thumb Code     0  startup_stm32f10x_md.o(.text)
    TIM2_IRQHandler                          0x08000247   Thumb Code     0  startup_stm32f10x_md.o(.text)
    TIM3_IRQHandler                          0x08000247   Thumb Code     0  startup_stm32f10x_md.o(.text)
    TIM4_IRQHandler                          0x08000247   Thumb Code     0  startup_stm32f10x_md.o(.text)
    USART1_IRQHandler                        0x08000247   Thumb Code     0  startup_stm32f10x_md.o(.text)
    USART2_IRQHandler                        0x08000247   Thumb Code     0  startup_stm32f10x_md.o(.text)
    USART3_IRQHandler                        0x08000247   Thumb Code     0  startup_stm32f10x_md.o(.text)
    USBWakeUp_IRQHandler                     0x08000247   Thumb Code     0  startup_stm32f10x_md.o(.text)
    USB_HP_CAN1_TX_IRQHandler                0x08000247   Thumb Code     0  startup_stm32f10x_md.o(.text)
    USB_LP_CAN1_RX0_IRQHandler               0x08000247   Thumb Code     0  startup_stm32f10x_md.o(.text)
    WWDG_IRQHandler                          0x08000247   Thumb Code     0  startup_stm32f10x_md.o(.text)
    __user_initial_stackheap                 0x08000249   Thumb Code     0  startup_stm32f10x_md.o(.text)
    __aeabi_memset                           0x0800026d   Thumb Code    16  aeabi_memset.o(.text)
    __use_two_region_memory                  0x0800027d   Thumb Code     2  heapauxi.o(.text)
    __rt_heap_escrow$2region                 0x0800027f   Thumb Code     2  heapauxi.o(.text)
    __rt_heap_expand$2region                 0x08000281   Thumb Code     2  heapauxi.o(.text)
    __aeabi_memclr                           0x08000283   Thumb Code     0  rt_memclr.o(.text)
    __rt_memclr                              0x08000283   Thumb Code    68  rt_memclr.o(.text)
    _memset                                  0x08000287   Thumb Code     0  rt_memclr.o(.text)
    __aeabi_memclr4                          0x080002c7   Thumb Code     0  rt_memclr_w.o(.text)
    __aeabi_memclr8                          0x080002c7   Thumb Code     0  rt_memclr_w.o(.text)
    __rt_memclr_w                            0x080002c7   Thumb Code    78  rt_memclr_w.o(.text)
    _memset_w                                0x080002cb   Thumb Code     0  rt_memclr_w.o(.text)
    __user_setup_stackheap                   0x08000315   Thumb Code    74  sys_stackheap_outer.o(.text)
    exit                                     0x0800035f   Thumb Code    18  exit.o(.text)
    __user_libspace                          0x08000371   Thumb Code     8  libspace.o(.text)
    __user_perproc_libspace                  0x08000371   Thumb Code     0  libspace.o(.text)
    __user_perthread_libspace                0x08000371   Thumb Code     0  libspace.o(.text)
    _sys_exit                                0x08000379   Thumb Code     8  sys_exit.o(.text)
    __I$use$semihosting                      0x08000385   Thumb Code     0  use_no_semi.o(.text)
    __use_no_semihosting_swi                 0x08000385   Thumb Code     2  use_no_semi.o(.text)
    ADC_Cmd                                  0x08000387   Thumb Code    22  stm32f10x_adc.o(i.ADC_Cmd)
    __semihosting_library_function           0x08000387   Thumb Code     0  indicate_semi.o(.text)
    ADC_Configuration                        0x0800039d   Thumb Code   154  main.o(i.ADC_Configuration)
    ADC_DMACmd                               0x0800043d   Thumb Code    22  stm32f10x_adc.o(i.ADC_DMACmd)
    ADC_GetCalibrationStatus                 0x08000453   Thumb Code    20  stm32f10x_adc.o(i.ADC_GetCalibrationStatus)
    ADC_GetResetCalibrationStatus            0x08000467   Thumb Code    20  stm32f10x_adc.o(i.ADC_GetResetCalibrationStatus)
    ADC_Init                                 0x0800047d   Thumb Code    70  stm32f10x_adc.o(i.ADC_Init)
    ADC_RegularChannelConfig                 0x080004cd   Thumb Code   184  stm32f10x_adc.o(i.ADC_RegularChannelConfig)
    ADC_ResetCalibration                     0x08000585   Thumb Code    10  stm32f10x_adc.o(i.ADC_ResetCalibration)
    ADC_SoftwareStartConvCmd                 0x0800058f   Thumb Code    22  stm32f10x_adc.o(i.ADC_SoftwareStartConvCmd)
    ADC_StartCalibration                     0x080005a5   Thumb Code    10  stm32f10x_adc.o(i.ADC_StartCalibration)
    DMA_Cmd                                  0x080005f1   Thumb Code    24  stm32f10x_dma.o(i.DMA_Cmd)
    DMA_Configuration                        0x08000609   Thumb Code    74  main.o(i.DMA_Configuration)
    DMA_DeInit                               0x08000661   Thumb Code   324  stm32f10x_dma.o(i.DMA_DeInit)
    DMA_Init                                 0x080007ad   Thumb Code    60  stm32f10x_dma.o(i.DMA_Init)
    GPIO_Configuration                       0x080009c5   Thumb Code    80  main.o(i.GPIO_Configuration)
    GPIO_Init                                0x08000a21   Thumb Code   278  stm32f10x_gpio.o(i.GPIO_Init)
    GPIO_ReadInputData                       0x08000b37   Thumb Code     8  stm32f10x_gpio.o(i.GPIO_ReadInputData)
    GPIO_ResetBits                           0x08000b3f   Thumb Code     4  stm32f10x_gpio.o(i.GPIO_ResetBits)
    GPIO_SetBits                             0x08000b43   Thumb Code     4  stm32f10x_gpio.o(i.GPIO_SetBits)
    I2C_Cmd                                  0x08000b47   Thumb Code    24  stm32f10x_i2c.o(i.I2C_Cmd)
    I2C_DeInit                               0x08000b61   Thumb Code    50  stm32f10x_i2c.o(i.I2C_DeInit)
    I2C_GenerateSTART                        0x08000b99   Thumb Code    24  stm32f10x_i2c.o(i.I2C_GenerateSTART)
    I2C_GenerateSTOP                         0x08000bb1   Thumb Code    24  stm32f10x_i2c.o(i.I2C_GenerateSTOP)
    I2C_GetFlagStatus                        0x08000bc9   Thumb Code    58  stm32f10x_i2c.o(i.I2C_GetFlagStatus)
    I2C_Init                                 0x08000c05   Thumb Code   222  stm32f10x_i2c.o(i.I2C_Init)
    I2C_Send7bitAddress                      0x08000cf1   Thumb Code    18  stm32f10x_i2c.o(i.I2C_Send7bitAddress)
    I2C_SendData                             0x08000d03   Thumb Code     4  stm32f10x_i2c.o(i.I2C_SendData)
    InitDisplay                              0x08000d09   Thumb Code    10  display.o(i.InitDisplay)
    RCC_ADCCLKConfig                         0x08000d19   Thumb Code    18  stm32f10x_rcc.o(i.RCC_ADCCLKConfig)
    RCC_AHBPeriphClockCmd                    0x08000d31   Thumb Code    26  stm32f10x_rcc.o(i.RCC_AHBPeriphClockCmd)
    RCC_APB1PeriphClockCmd                   0x08000d51   Thumb Code    26  stm32f10x_rcc.o(i.RCC_APB1PeriphClockCmd)
    RCC_APB1PeriphResetCmd                   0x08000d71   Thumb Code    26  stm32f10x_rcc.o(i.RCC_APB1PeriphResetCmd)
    RCC_APB2PeriphClockCmd                   0x08000d91   Thumb Code    26  stm32f10x_rcc.o(i.RCC_APB2PeriphClockCmd)
    RCC_Configuration                        0x08000db1   Thumb Code    30  main.o(i.RCC_Configuration)
    RCC_GetClocksFreq                        0x08000dd1   Thumb Code   192  stm32f10x_rcc.o(i.RCC_GetClocksFreq)
    SSD1306_DrawPixel                        0x08000f0d   Thumb Code   166  ssd1306.o(i.SSD1306_DrawPixel)
    SSD1306_Fill                             0x08000fbd   Thumb Code    26  ssd1306.o(i.SSD1306_Fill)
    SSD1306_GotoXY                           0x08000fdd   Thumb Code     8  ssd1306.o(i.SSD1306_GotoXY)
    SSD1306_Init                             0x08000fe9   Thumb Code   328  ssd1306.o(i.SSD1306_Init)
    SSD1306_Putc                             0x08001139   Thumb Code   164  ssd1306.o(i.SSD1306_Putc)
    SSD1306_Puts                             0x080011e1   Thumb Code    42  ssd1306.o(i.SSD1306_Puts)
    SSD1306_UpdateScreen                     0x0800120d   Thumb Code    68  ssd1306.o(i.SSD1306_UpdateScreen)
    SysTick_Handler                          0x0800133d   Thumb Code    28  port.o(i.SysTick_Handler)
    SystemInit                               0x0800135d   Thumb Code    78  system_stm32f10x.o(i.SystemInit)
    WriteDisplayNoClear                      0x080013bd   Thumb Code    50  display.o(i.WriteDisplayNoClear)
    convert_int_2_str                        0x080013ef   Thumb Code    88  main.o(i.convert_int_2_str)
    i2cm_Start                               0x08001447   Thumb Code    78  iic.o(i.i2cm_Start)
    i2cm_Stop                                0x08001495   Thumb Code    28  iic.o(i.i2cm_Stop)
    i2cm_WriteBuff                           0x080014b5   Thumb Code    44  iic.o(i.i2cm_WriteBuff)
    i2cm_init                                0x080014e1   Thumb Code   154  iic.o(i.i2cm_init)
    inc_range                                0x08001585   Thumb Code    98  main.o(i.inc_range)
    limit                                    0x080015e7   Thumb Code    14  main.o(i.limit)
    main                                     0x080015f5   Thumb Code   140  main.o(i.main)
    pvPortMalloc                             0x080018e5   Thumb Code    98  heap_1.o(i.pvPortMalloc)
    pxPortInitialiseStack                    0x08001955   Thumb Code    26  port.o(i.pxPortInitialiseStack)
    ssd1306_I2C_Init                         0x08001975   Thumb Code    14  ssd1306.o(i.ssd1306_I2C_Init)
    ssd1306_I2C_Write                        0x0800198d   Thumb Code    50  ssd1306.o(i.ssd1306_I2C_Write)
    ssd1306_I2C_WriteMulti                   0x080019c5   Thumb Code    60  ssd1306.o(i.ssd1306_I2C_WriteMulti)
    uxListRemove                             0x08001a05   Thumb Code    40  list.o(i.uxListRemove)
    vListInitialise                          0x08001a2d   Thumb Code    26  list.o(i.vListInitialise)
    vListInitialiseItem                      0x08001a47   Thumb Code     6  list.o(i.vListInitialiseItem)
    vListInsert                              0x08001a4d   Thumb Code    52  list.o(i.vListInsert)
    vListInsertEnd                           0x08001a81   Thumb Code    24  list.o(i.vListInsertEnd)
    vPortEnterCritical                       0x08001a99   Thumb Code    26  port.o(i.vPortEnterCritical)
    vPortExitCritical                        0x08001ab9   Thumb Code    26  port.o(i.vPortExitCritical)
    vPortFree                                0x08001ad9   Thumb Code     2  heap_1.o(i.vPortFree)
    vPortSetupTimerInterrupt                 0x08001add   Thumb Code    14  port.o(i.vPortSetupTimerInterrupt)
    vPortYield                               0x08001af1   Thumb Code    18  port.o(i.vPortYield)
    vTaskDelay                               0x08001b09   Thumb Code    72  tasks.o(i.vTaskDelay)
    vTaskStartScheduler                      0x08001b5d   Thumb Code    58  tasks.o(i.vTaskStartScheduler)
    vTaskSuspendAll                          0x08001bb1   Thumb Code    12  tasks.o(i.vTaskSuspendAll)
    vTaskSwitchContext                       0x08001bc1   Thumb Code    76  tasks.o(i.vTaskSwitchContext)
    xPortStartScheduler                      0x08001c21   Thumb Code    42  port.o(i.xPortStartScheduler)
    xTaskGenericCreate                       0x08001c55   Thumb Code   226  tasks.o(i.xTaskGenericCreate)
    xTaskIncrementTick                       0x08001d51   Thumb Code   242  tasks.o(i.xTaskIncrementTick)
    xTaskResumeAll                           0x08001e71   Thumb Code   186  tasks.o(i.xTaskResumeAll)
    __aeabi_fadd                             0x08001f4d   Thumb Code     0  faddsub_clz.o(x$fpl$fadd)
    _fadd                                    0x08001f4d   Thumb Code   196  faddsub_clz.o(x$fpl$fadd)
    __fpl_fcmp_Inf                           0x08002011   Thumb Code    24  fcmpi.o(x$fpl$fcmpinf)
    __aeabi_fdiv                             0x08002029   Thumb Code     0  fdiv.o(x$fpl$fdiv)
    _fdiv                                    0x08002029   Thumb Code   384  fdiv.o(x$fpl$fdiv)
    __aeabi_f2uiz                            0x080021ad   Thumb Code     0  ffixu.o(x$fpl$ffixu)
    _ffixu                                   0x080021ad   Thumb Code    62  ffixu.o(x$fpl$ffixu)
    __aeabi_ui2f                             0x080021ed   Thumb Code     0  fflt_clz.o(x$fpl$ffltu)
    _ffltu                                   0x080021ed   Thumb Code    38  fflt_clz.o(x$fpl$ffltu)
    __aeabi_cfcmple                          0x08002215   Thumb Code     0  fleqf.o(x$fpl$fleqf)
    _fcmple                                  0x08002215   Thumb Code   104  fleqf.o(x$fpl$fleqf)
    __fpl_fcmple_InfNaN                      0x08002267   Thumb Code     0  fleqf.o(x$fpl$fleqf)
    __aeabi_fmul                             0x0800227d   Thumb Code     0  fmul.o(x$fpl$fmul)
    _fmul                                    0x0800227d   Thumb Code   258  fmul.o(x$fpl$fmul)
    __fpl_fnaninf                            0x0800237f   Thumb Code   140  fnaninf.o(x$fpl$fnaninf)
    __fpl_fretinf                            0x0800240b   Thumb Code    10  fretinf.o(x$fpl$fretinf)
    __aeabi_cfrcmple                         0x08002415   Thumb Code     0  frleqf.o(x$fpl$frleqf)
    _frcmple                                 0x08002415   Thumb Code    98  frleqf.o(x$fpl$frleqf)
    __aeabi_fsub                             0x08002479   Thumb Code     0  faddsub_clz.o(x$fpl$fsub)
    _fsub                                    0x08002479   Thumb Code   234  faddsub_clz.o(x$fpl$fsub)
    Font7x10                                 0x08002562   Data        1900  fonts.o(.constdata)
    __I$use$fp                               0x08002562   Number         0  usenofp.o(x$fpl$usenofp)
    Font11x18                                0x08002cce   Data        3420  fonts.o(.constdata)
    Font16x26                                0x08003a2a   Data        4940  fonts.o(.constdata)
    Region$$Table$$Base                      0x08004d78   Number         0  anon$$obj.o(Region$$Table)
    Region$$Table$$Limit                     0x08004d98   Number         0  anon$$obj.o(Region$$Table)
    ADCConvertedValue                        0x20000000   Data           2  main.o(.data)
    battery                                  0x20000004   Data           4  main.o(.data)
    count_enc                                0x20000008   Data           1  main.o(.data)
    range_namo                               0x20000009   Data           2  main.o(.data)
    count_namo                               0x2000000b   Data           2  main.o(.data)
    Font_7x10                                0x20000024   Data           8  fonts.o(.data)
    Font_11x18                               0x2000002c   Data           8  fonts.o(.data)
    Font_16x26                               0x20000034   Data           8  fonts.o(.data)
    hi2c1                                    0x2000003c   Data           4  ssd1306.o(.data)
    pxCurrentTCB                             0x20000054   Data           4  tasks.o(.data)
    __libspace_start                         0x20004964   Data          96  libspace.o(.bss)
    __temporary_stack_top$libspace           0x200049c4   Data           0  libspace.o(.bss)



==============================================================================

Memory Map of the image

  Image Entry point : 0x080000ed

  Load Region LR_IROM1 (Base: 0x08000000, Size: 0x00004e24, Max: 0x00010000, ABSOLUTE)

    Execution Region ER_IROM1 (Exec base: 0x08000000, Load base: 0x08000000, Size: 0x00004d98, Max: 0x00010000, ABSOLUTE)

    Exec Addr    Load Addr    Size         Type   Attr      Idx    E Section Name        Object

    0x08000000   0x08000000   0x000000ec   Data   RO          233    RESET               startup_stm32f10x_md.o
    0x080000ec   0x080000ec   0x00000008   Code   RO         4128  * !!!main             c_w.l(__main.o)
    0x080000f4   0x080000f4   0x00000034   Code   RO         4324    !!!scatter          c_w.l(__scatter.o)
    0x08000128   0x08000128   0x0000001a   Code   RO         4326    !!handler_copy      c_w.l(__scatter_copy.o)
    0x08000142   0x08000142   0x00000002   PAD
    0x08000144   0x08000144   0x0000001c   Code   RO         4328    !!handler_zi        c_w.l(__scatter_zi.o)
    0x08000160   0x08000160   0x00000002   Code   RO         4194    .ARM.Collect$$libinit$$00000000  c_w.l(libinit.o)
    0x08000162   0x08000162   0x00000000   Code   RO         4201    .ARM.Collect$$libinit$$00000002  c_w.l(libinit2.o)
    0x08000162   0x08000162   0x00000000   Code   RO         4203    .ARM.Collect$$libinit$$00000004  c_w.l(libinit2.o)
    0x08000162   0x08000162   0x00000000   Code   RO         4206    .ARM.Collect$$libinit$$0000000A  c_w.l(libinit2.o)
    0x08000162   0x08000162   0x00000000   Code   RO         4208    .ARM.Collect$$libinit$$0000000C  c_w.l(libinit2.o)
    0x08000162   0x08000162   0x00000000   Code   RO         4210    .ARM.Collect$$libinit$$0000000E  c_w.l(libinit2.o)
    0x08000162   0x08000162   0x00000000   Code   RO         4213    .ARM.Collect$$libinit$$00000011  c_w.l(libinit2.o)
    0x08000162   0x08000162   0x00000000   Code   RO         4215    .ARM.Collect$$libinit$$00000013  c_w.l(libinit2.o)
    0x08000162   0x08000162   0x00000000   Code   RO         4217    .ARM.Collect$$libinit$$00000015  c_w.l(libinit2.o)
    0x08000162   0x08000162   0x00000000   Code   RO         4219    .ARM.Collect$$libinit$$00000017  c_w.l(libinit2.o)
    0x08000162   0x08000162   0x00000000   Code   RO         4221    .ARM.Collect$$libinit$$00000019  c_w.l(libinit2.o)
    0x08000162   0x08000162   0x00000000   Code   RO         4223    .ARM.Collect$$libinit$$0000001B  c_w.l(libinit2.o)
    0x08000162   0x08000162   0x00000000   Code   RO         4225    .ARM.Collect$$libinit$$0000001D  c_w.l(libinit2.o)
    0x08000162   0x08000162   0x00000000   Code   RO         4227    .ARM.Collect$$libinit$$0000001F  c_w.l(libinit2.o)
    0x08000162   0x08000162   0x00000000   Code   RO         4229    .ARM.Collect$$libinit$$00000021  c_w.l(libinit2.o)
    0x08000162   0x08000162   0x00000000   Code   RO         4231    .ARM.Collect$$libinit$$00000023  c_w.l(libinit2.o)
    0x08000162   0x08000162   0x00000000   Code   RO         4233    .ARM.Collect$$libinit$$00000025  c_w.l(libinit2.o)
    0x08000162   0x08000162   0x00000000   Code   RO         4237    .ARM.Collect$$libinit$$0000002C  c_w.l(libinit2.o)
    0x08000162   0x08000162   0x00000000   Code   RO         4239    .ARM.Collect$$libinit$$0000002E  c_w.l(libinit2.o)
    0x08000162   0x08000162   0x00000000   Code   RO         4241    .ARM.Collect$$libinit$$00000030  c_w.l(libinit2.o)
    0x08000162   0x08000162   0x00000000   Code   RO         4243    .ARM.Collect$$libinit$$00000032  c_w.l(libinit2.o)
    0x08000162   0x08000162   0x00000002   Code   RO         4244    .ARM.Collect$$libinit$$00000033  c_w.l(libinit2.o)
    0x08000164   0x08000164   0x00000002   Code   RO         4264    .ARM.Collect$$libshutdown$$00000000  c_w.l(libshutdown.o)
    0x08000166   0x08000166   0x00000000   Code   RO         4277    .ARM.Collect$$libshutdown$$00000002  c_w.l(libshutdown2.o)
    0x08000166   0x08000166   0x00000000   Code   RO         4279    .ARM.Collect$$libshutdown$$00000004  c_w.l(libshutdown2.o)
    0x08000166   0x08000166   0x00000000   Code   RO         4282    .ARM.Collect$$libshutdown$$00000007  c_w.l(libshutdown2.o)
    0x08000166   0x08000166   0x00000000   Code   RO         4285    .ARM.Collect$$libshutdown$$0000000A  c_w.l(libshutdown2.o)
    0x08000166   0x08000166   0x00000000   Code   RO         4287    .ARM.Collect$$libshutdown$$0000000C  c_w.l(libshutdown2.o)
    0x08000166   0x08000166   0x00000000   Code   RO         4290    .ARM.Collect$$libshutdown$$0000000F  c_w.l(libshutdown2.o)
    0x08000166   0x08000166   0x00000002   Code   RO         4291    .ARM.Collect$$libshutdown$$00000010  c_w.l(libshutdown2.o)
    0x08000168   0x08000168   0x00000000   Code   RO         4156    .ARM.Collect$$rtentry$$00000000  c_w.l(__rtentry.o)
    0x08000168   0x08000168   0x00000000   Code   RO         4169    .ARM.Collect$$rtentry$$00000002  c_w.l(__rtentry2.o)
    0x08000168   0x08000168   0x00000006   Code   RO         4181    .ARM.Collect$$rtentry$$00000004  c_w.l(__rtentry4.o)
    0x0800016e   0x0800016e   0x00000000   Code   RO         4171    .ARM.Collect$$rtentry$$00000009  c_w.l(__rtentry2.o)
    0x0800016e   0x0800016e   0x00000004   Code   RO         4172    .ARM.Collect$$rtentry$$0000000A  c_w.l(__rtentry2.o)
    0x08000172   0x08000172   0x00000000   Code   RO         4174    .ARM.Collect$$rtentry$$0000000C  c_w.l(__rtentry2.o)
    0x08000172   0x08000172   0x00000008   Code   RO         4175    .ARM.Collect$$rtentry$$0000000D  c_w.l(__rtentry2.o)
    0x0800017a   0x0800017a   0x00000002   Code   RO         4198    .ARM.Collect$$rtexit$$00000000  c_w.l(rtexit.o)
    0x0800017c   0x0800017c   0x00000000   Code   RO         4246    .ARM.Collect$$rtexit$$00000002  c_w.l(rtexit2.o)
    0x0800017c   0x0800017c   0x00000004   Code   RO         4247    .ARM.Collect$$rtexit$$00000003  c_w.l(rtexit2.o)
    0x08000180   0x08000180   0x00000006   Code   RO         4248    .ARM.Collect$$rtexit$$00000004  c_w.l(rtexit2.o)
    0x08000186   0x08000186   0x00000002   PAD
    0x08000188   0x08000188   0x000000a2   Code   RO         3551    .emb_text           port.o
    0x0800022a   0x0800022a   0x00000002   PAD
    0x0800022c   0x0800022c   0x00000040   Code   RO          234    .text               startup_stm32f10x_md.o
    0x0800026c   0x0800026c   0x00000010   Code   RO         4124    .text               c_w.l(aeabi_memset.o)
    0x0800027c   0x0800027c   0x00000006   Code   RO         4126    .text               c_w.l(heapauxi.o)
    0x08000282   0x08000282   0x00000044   Code   RO         4159    .text               c_w.l(rt_memclr.o)
    0x080002c6   0x080002c6   0x0000004e   Code   RO         4183    .text               c_w.l(rt_memclr_w.o)
    0x08000314   0x08000314   0x0000004a   Code   RO         4185    .text               c_w.l(sys_stackheap_outer.o)
    0x0800035e   0x0800035e   0x00000012   Code   RO         4187    .text               c_w.l(exit.o)
    0x08000370   0x08000370   0x00000008   Code   RO         4195    .text               c_w.l(libspace.o)
    0x08000378   0x08000378   0x0000000c   Code   RO         4256    .text               c_w.l(sys_exit.o)
    0x08000384   0x08000384   0x00000002   Code   RO         4267    .text               c_w.l(use_no_semi.o)
    0x08000386   0x08000386   0x00000000   Code   RO         4269    .text               c_w.l(indicate_semi.o)
    0x08000386   0x08000386   0x00000016   Code   RO          281    i.ADC_Cmd           stm32f10x_adc.o
    0x0800039c   0x0800039c   0x000000a0   Code   RO            1    i.ADC_Configuration  main.o
    0x0800043c   0x0800043c   0x00000016   Code   RO          282    i.ADC_DMACmd        stm32f10x_adc.o
    0x08000452   0x08000452   0x00000014   Code   RO          289    i.ADC_GetCalibrationStatus  stm32f10x_adc.o
    0x08000466   0x08000466   0x00000014   Code   RO          295    i.ADC_GetResetCalibrationStatus  stm32f10x_adc.o
    0x0800047a   0x0800047a   0x00000002   PAD
    0x0800047c   0x0800047c   0x00000050   Code   RO          299    i.ADC_Init          stm32f10x_adc.o
    0x080004cc   0x080004cc   0x000000b8   Code   RO          303    i.ADC_RegularChannelConfig  stm32f10x_adc.o
    0x08000584   0x08000584   0x0000000a   Code   RO          304    i.ADC_ResetCalibration  stm32f10x_adc.o
    0x0800058e   0x0800058e   0x00000016   Code   RO          306    i.ADC_SoftwareStartConvCmd  stm32f10x_adc.o
    0x080005a4   0x080005a4   0x0000000a   Code   RO          308    i.ADC_StartCalibration  stm32f10x_adc.o
    0x080005ae   0x080005ae   0x00000002   PAD
    0x080005b0   0x080005b0   0x00000040   Code   RO            2    i.AI_Task           main.o
    0x080005f0   0x080005f0   0x00000018   Code   RO          966    i.DMA_Cmd           stm32f10x_dma.o
    0x08000608   0x08000608   0x00000058   Code   RO            3    i.DMA_Configuration  main.o
    0x08000660   0x08000660   0x0000014c   Code   RO          967    i.DMA_DeInit        stm32f10x_dma.o
    0x080007ac   0x080007ac   0x0000003c   Code   RO          972    i.DMA_Init          stm32f10x_dma.o
    0x080007e8   0x080007e8   0x00000110   Code   RO            4    i.Display_Task      main.o
    0x080008f8   0x080008f8   0x000000cc   Code   RO            5    i.Encoder_Task      main.o
    0x080009c4   0x080009c4   0x0000005c   Code   RO            6    i.GPIO_Configuration  main.o
    0x08000a20   0x08000a20   0x00000116   Code   RO         1390    i.GPIO_Init         stm32f10x_gpio.o
    0x08000b36   0x08000b36   0x00000008   Code   RO         1393    i.GPIO_ReadInputData  stm32f10x_gpio.o
    0x08000b3e   0x08000b3e   0x00000004   Code   RO         1397    i.GPIO_ResetBits    stm32f10x_gpio.o
    0x08000b42   0x08000b42   0x00000004   Code   RO         1398    i.GPIO_SetBits      stm32f10x_gpio.o
    0x08000b46   0x08000b46   0x00000018   Code   RO         1504    i.I2C_Cmd           stm32f10x_i2c.o
    0x08000b5e   0x08000b5e   0x00000002   PAD
    0x08000b60   0x08000b60   0x00000038   Code   RO         1507    i.I2C_DeInit        stm32f10x_i2c.o
    0x08000b98   0x08000b98   0x00000018   Code   RO         1511    i.I2C_GenerateSTART  stm32f10x_i2c.o
    0x08000bb0   0x08000bb0   0x00000018   Code   RO         1512    i.I2C_GenerateSTOP  stm32f10x_i2c.o
    0x08000bc8   0x08000bc8   0x0000003a   Code   RO         1513    i.I2C_GetFlagStatus  stm32f10x_i2c.o
    0x08000c02   0x08000c02   0x00000002   PAD
    0x08000c04   0x08000c04   0x000000ec   Code   RO         1518    i.I2C_Init          stm32f10x_i2c.o
    0x08000cf0   0x08000cf0   0x00000012   Code   RO         1525    i.I2C_Send7bitAddress  stm32f10x_i2c.o
    0x08000d02   0x08000d02   0x00000004   Code   RO         1526    i.I2C_SendData      stm32f10x_i2c.o
    0x08000d06   0x08000d06   0x00000002   PAD
    0x08000d08   0x08000d08   0x00000010   Code   RO         3462    i.InitDisplay       display.o
    0x08000d18   0x08000d18   0x00000018   Code   RO         1804    i.RCC_ADCCLKConfig  stm32f10x_rcc.o
    0x08000d30   0x08000d30   0x00000020   Code   RO         1805    i.RCC_AHBPeriphClockCmd  stm32f10x_rcc.o
    0x08000d50   0x08000d50   0x00000020   Code   RO         1806    i.RCC_APB1PeriphClockCmd  stm32f10x_rcc.o
    0x08000d70   0x08000d70   0x00000020   Code   RO         1807    i.RCC_APB1PeriphResetCmd  stm32f10x_rcc.o
    0x08000d90   0x08000d90   0x00000020   Code   RO         1808    i.RCC_APB2PeriphClockCmd  stm32f10x_rcc.o
    0x08000db0   0x08000db0   0x0000001e   Code   RO            7    i.RCC_Configuration  main.o
    0x08000dce   0x08000dce   0x00000002   PAD
    0x08000dd0   0x08000dd0   0x000000d4   Code   RO         1816    i.RCC_GetClocksFreq  stm32f10x_rcc.o
    0x08000ea4   0x08000ea4   0x00000068   Code   RO            8    i.ReadADC_Task      main.o
    0x08000f0c   0x08000f0c   0x000000b0   Code   RO         3284    i.SSD1306_DrawPixel  ssd1306.o
    0x08000fbc   0x08000fbc   0x00000020   Code   RO         3287    i.SSD1306_Fill      ssd1306.o
    0x08000fdc   0x08000fdc   0x0000000c   Code   RO         3288    i.SSD1306_GotoXY    ssd1306.o
    0x08000fe8   0x08000fe8   0x00000150   Code   RO         3289    i.SSD1306_Init      ssd1306.o
    0x08001138   0x08001138   0x000000a8   Code   RO         3292    i.SSD1306_Putc      ssd1306.o
    0x080011e0   0x080011e0   0x0000002a   Code   RO         3293    i.SSD1306_Puts      ssd1306.o
    0x0800120a   0x0800120a   0x00000002   PAD
    0x0800120c   0x0800120c   0x00000048   Code   RO         3295    i.SSD1306_UpdateScreen  ssd1306.o
    0x08001254   0x08001254   0x00000008   Code   RO         3216    i.SetSysClock       system_stm32f10x.o
    0x0800125c   0x0800125c   0x000000e0   Code   RO         3217    i.SetSysClockTo72   system_stm32f10x.o
    0x0800133c   0x0800133c   0x00000020   Code   RO         3552    i.SysTick_Handler   port.o
    0x0800135c   0x0800135c   0x00000060   Code   RO         3219    i.SystemInit        system_stm32f10x.o
    0x080013bc   0x080013bc   0x00000032   Code   RO         3463    i.WriteDisplayNoClear  display.o
    0x080013ee   0x080013ee   0x00000058   Code   RO            9    i.convert_int_2_str  main.o
    0x08001446   0x08001446   0x0000004e   Code   RO         3423    i.i2cm_Start        iic.o
    0x08001494   0x08001494   0x00000020   Code   RO         3424    i.i2cm_Stop         iic.o
    0x080014b4   0x080014b4   0x0000002c   Code   RO         3425    i.i2cm_WriteBuff    iic.o
    0x080014e0   0x080014e0   0x000000a4   Code   RO         3426    i.i2cm_init         iic.o
    0x08001584   0x08001584   0x00000062   Code   RO           11    i.inc_range         main.o
    0x080015e6   0x080015e6   0x0000000e   Code   RO           12    i.limit             main.o
    0x080015f4   0x080015f4   0x000000d4   Code   RO           13    i.main              main.o
    0x080016c8   0x080016c8   0x00000054   Code   RO         3856    i.prvAddCurrentTaskToDelayedList  tasks.o
    0x0800171c   0x0800171c   0x00000036   Code   RO         3857    i.prvAllocateTCBAndStack  tasks.o
    0x08001752   0x08001752   0x00000002   PAD
    0x08001754   0x08001754   0x00000064   Code   RO         3858    i.prvCheckTasksWaitingTermination  tasks.o
    0x080017b8   0x080017b8   0x00000012   Code   RO         3859    i.prvDeleteTCB      tasks.o
    0x080017ca   0x080017ca   0x00000002   PAD
    0x080017cc   0x080017cc   0x00000018   Code   RO         3860    i.prvIdleTask       tasks.o
    0x080017e4   0x080017e4   0x0000005c   Code   RO         3861    i.prvInitialiseTCBVariables  tasks.o
    0x08001840   0x08001840   0x00000068   Code   RO         3862    i.prvInitialiseTaskLists  tasks.o
    0x080018a8   0x080018a8   0x00000034   Code   RO         3863    i.prvResetNextTaskUnblockTime  tasks.o
    0x080018dc   0x080018dc   0x00000008   Code   RO         3553    i.prvTaskExitError  port.o
    0x080018e4   0x080018e4   0x00000070   Code   RO         3509    i.pvPortMalloc      heap_1.o
    0x08001954   0x08001954   0x00000020   Code   RO         3554    i.pxPortInitialiseStack  port.o
    0x08001974   0x08001974   0x00000018   Code   RO         3296    i.ssd1306_I2C_Init  ssd1306.o
    0x0800198c   0x0800198c   0x00000038   Code   RO         3297    i.ssd1306_I2C_Write  ssd1306.o
    0x080019c4   0x080019c4   0x00000040   Code   RO         3298    i.ssd1306_I2C_WriteMulti  ssd1306.o
    0x08001a04   0x08001a04   0x00000028   Code   RO         3702    i.uxListRemove      list.o
    0x08001a2c   0x08001a2c   0x0000001a   Code   RO         3703    i.vListInitialise   list.o
    0x08001a46   0x08001a46   0x00000006   Code   RO         3704    i.vListInitialiseItem  list.o
    0x08001a4c   0x08001a4c   0x00000034   Code   RO         3705    i.vListInsert       list.o
    0x08001a80   0x08001a80   0x00000018   Code   RO         3706    i.vListInsertEnd    list.o
    0x08001a98   0x08001a98   0x00000020   Code   RO         3556    i.vPortEnterCritical  port.o
    0x08001ab8   0x08001ab8   0x00000020   Code   RO         3557    i.vPortExitCritical  port.o
    0x08001ad8   0x08001ad8   0x00000002   Code   RO         3510    i.vPortFree         heap_1.o
    0x08001ada   0x08001ada   0x00000002   PAD
    0x08001adc   0x08001adc   0x00000014   Code   RO         3558    i.vPortSetupTimerInterrupt  port.o
    0x08001af0   0x08001af0   0x00000018   Code   RO         3559    i.vPortYield        port.o
    0x08001b08   0x08001b08   0x00000054   Code   RO         3870    i.vTaskDelay        tasks.o
    0x08001b5c   0x08001b5c   0x00000054   Code   RO         3881    i.vTaskStartScheduler  tasks.o
    0x08001bb0   0x08001bb0   0x00000010   Code   RO         3883    i.vTaskSuspendAll   tasks.o
    0x08001bc0   0x08001bc0   0x00000060   Code   RO         3884    i.vTaskSwitchContext  tasks.o
    0x08001c20   0x08001c20   0x00000034   Code   RO         3560    i.xPortStartScheduler  port.o
    0x08001c54   0x08001c54   0x000000fc   Code   RO         3886    i.xTaskGenericCreate  tasks.o
    0x08001d50   0x08001d50   0x00000120   Code   RO         3891    i.xTaskIncrementTick  tasks.o
    0x08001e70   0x08001e70   0x000000dc   Code   RO         3896    i.xTaskResumeAll    tasks.o
    0x08001f4c   0x08001f4c   0x000000c4   Code   RO         4130    x$fpl$fadd          fz_ws.l(faddsub_clz.o)
    0x08002010   0x08002010   0x00000018   Code   RO         4161    x$fpl$fcmpinf       fz_ws.l(fcmpi.o)
    0x08002028   0x08002028   0x00000184   Code   RO         4137    x$fpl$fdiv          fz_ws.l(fdiv.o)
    0x080021ac   0x080021ac   0x0000003e   Code   RO         4140    x$fpl$ffixu         fz_ws.l(ffixu.o)
    0x080021ea   0x080021ea   0x00000002   PAD
    0x080021ec   0x080021ec   0x00000026   Code   RO         4144    x$fpl$ffltu         fz_ws.l(fflt_clz.o)
    0x08002212   0x08002212   0x00000002   PAD
    0x08002214   0x08002214   0x00000068   Code   RO         4150    x$fpl$fleqf         fz_ws.l(fleqf.o)
    0x0800227c   0x0800227c   0x00000102   Code   RO         4152    x$fpl$fmul          fz_ws.l(fmul.o)
    0x0800237e   0x0800237e   0x0000008c   Code   RO         4163    x$fpl$fnaninf       fz_ws.l(fnaninf.o)
    0x0800240a   0x0800240a   0x0000000a   Code   RO         4165    x$fpl$fretinf       fz_ws.l(fretinf.o)
    0x08002414   0x08002414   0x00000062   Code   RO         4154    x$fpl$frleqf        fz_ws.l(frleqf.o)
    0x08002476   0x08002476   0x00000002   PAD
    0x08002478   0x08002478   0x000000ea   Code   RO         4132    x$fpl$fsub          fz_ws.l(faddsub_clz.o)
    0x08002562   0x08002562   0x00000000   Code   RO         4167    x$fpl$usenofp       fz_ws.l(usenofp.o)
    0x08002562   0x08002562   0x00002814   Data   RO         3258    .constdata          fonts.o
    0x08004d76   0x08004d76   0x00000002   PAD
    0x08004d78   0x08004d78   0x00000020   Data   RO         4322    Region$$Table       anon$$obj.o


    Execution Region RW_IRAM1 (Exec base: 0x20000000, Load base: 0x08004d98, Size: 0x00004fc8, Max: 0x00005000, ABSOLUTE)

    Exec Addr    Load Addr    Size         Type   Attr      Idx    E Section Name        Object

    0x20000000   0x08004d98   0x0000000d   Data   RW           14    .data               main.o
    0x2000000d   0x08004da5   0x00000014   Data   RW         1836    .data               stm32f10x_rcc.o
    0x20000021   0x08004db9   0x00000003   PAD
    0x20000024   0x08004dbc   0x00000018   Data   RW         3259    .data               fonts.o
    0x2000003c   0x08004dd4   0x0000000a   Data   RW         3300    .data               ssd1306.o
    0x20000046   0x08004dde   0x00000002   PAD
    0x20000048   0x08004de0   0x00000008   Data   RW         3514    .data               heap_1.o
    0x20000050   0x08004de8   0x00000004   Data   RW         3561    .data               port.o
    0x20000054   0x08004dec   0x00000038   Data   RW         3899    .data               tasks.o
    0x2000008c        -       0x00000410   Zero   RW         3299    .bss                ssd1306.o
    0x2000049c        -       0x00004400   Zero   RW         3513    .bss                heap_1.o
    0x2000489c        -       0x000000c8   Zero   RW         3898    .bss                tasks.o
    0x20004964        -       0x00000060   Zero   RW         4196    .bss                c_w.l(libspace.o)
    0x200049c4   0x08004e24   0x00000004   PAD
    0x200049c8        -       0x00000200   Zero   RW          232    HEAP                startup_stm32f10x_md.o
    0x20004bc8        -       0x00000400   Zero   RW          231    STACK               startup_stm32f10x_md.o


==============================================================================

Image component sizes


      Code (inc. data)   RO Data    RW Data    ZI Data      Debug   Object Name

        66          6          0          0          0       1792   display.o
         0          0      10260         24          0       1087   fonts.o
       114         14          0          8      17408       3323   heap_1.o
       318         14          0          0          0       2582   iic.o
       148          0          0          0          0       2878   list.o
      1426        184          0         13          0     268932   main.o
       394         56          0          4          0       6453   port.o
       982         56          0         10       1040       7462   ssd1306.o
        64         26        236          0       1536        800   startup_stm32f10x_md.o
       390         10          0          0          0       7193   stm32f10x_adc.o
       416          8          0          0          0       3346   stm32f10x_dma.o
       294          0          0          0          0       3481   stm32f10x_gpio.o
       444         20          0          0          0       6266   stm32f10x_i2c.o
       364         50          0         20          0       5946   stm32f10x_rcc.o
       328         28          0          0          0       1697   system_stm32f10x.o
      1568        252          0         56        200      12084   tasks.o

    ----------------------------------------------------------------------
      7338        724      10530        140      20184     335322   Object Totals
         0          0         32          0          0          0   (incl. Generated)
        22          0          2          5          0          0   (incl. Padding)

    ----------------------------------------------------------------------

      Code (inc. data)   RO Data    RW Data    ZI Data      Debug   Library Member Name

         8          0          0          0          0         68   __main.o
         0          0          0          0          0          0   __rtentry.o
        12          0          0          0          0          0   __rtentry2.o
         6          0          0          0          0          0   __rtentry4.o
        52          8          0          0          0          0   __scatter.o
        26          0          0          0          0          0   __scatter_copy.o
        28          0          0          0          0          0   __scatter_zi.o
        16          0          0          0          0         68   aeabi_memset.o
        18          0          0          0          0         80   exit.o
         6          0          0          0          0        152   heapauxi.o
         0          0          0          0          0          0   indicate_semi.o
         2          0          0          0          0          0   libinit.o
         2          0          0          0          0          0   libinit2.o
         2          0          0          0          0          0   libshutdown.o
         2          0          0          0          0          0   libshutdown2.o
         8          4          0          0         96         68   libspace.o
        68          0          0          0          0         68   rt_memclr.o
        78          0          0          0          0         80   rt_memclr_w.o
         2          0          0          0          0          0   rtexit.o
        10          0          0          0          0          0   rtexit2.o
        12          4          0          0          0         68   sys_exit.o
        74          0          0          0          0         80   sys_stackheap_outer.o
         2          0          0          0          0         68   use_no_semi.o
       430          8          0          0          0        168   faddsub_clz.o
        24          0          0          0          0         68   fcmpi.o
       388         76          0          0          0         96   fdiv.o
        62          4          0          0          0         84   ffixu.o
        38          0          0          0          0         68   fflt_clz.o
       104          4          0          0          0         84   fleqf.o
       258          4          0          0          0         84   fmul.o
       140          4          0          0          0         84   fnaninf.o
        10          0          0          0          0         68   fretinf.o
        98          0          0          0          0         68   frleqf.o
         0          0          0          0          0          0   usenofp.o

    ----------------------------------------------------------------------
      1996        116          0          0        100       1672   Library Totals
        10          0          0          0          4          0   (incl. Padding)

    ----------------------------------------------------------------------

      Code (inc. data)   RO Data    RW Data    ZI Data      Debug   Library Name

       434         16          0          0         96        800   c_w.l
      1552        100          0          0          0        872   fz_ws.l

    ----------------------------------------------------------------------
      1996        116          0          0        100       1672   Library Totals

    ----------------------------------------------------------------------

==============================================================================


      Code (inc. data)   RO Data    RW Data    ZI Data      Debug   

      9334        840      10530        140      20284     331530   Grand Totals
      9334        840      10530        140      20284     331530   ELF Image Totals
      9334        840      10530        140          0          0   ROM Totals

==============================================================================

    Total RO  Size (Code + RO Data)                19864 (  19.40kB)
    Total RW  Size (RW Data + ZI Data)             20424 (  19.95kB)
    Total ROM Size (Code + RO Data + RW Data)      20004 (  19.54kB)

==============================================================================

